Archive member included to satisfy reference by file (symbol)

../../libDaisy//build/libdaisy.a(daisy_seed.o)
                              build/RM-38D.o (daisy::DaisySeed::StartAudio(void (*)(float const* const*, float**, unsigned int)))
../../libDaisy//build/libdaisy.a(codec_ak4556.o)
                              ../../libDaisy//build/libdaisy.a(daisy_seed.o) (daisy::Ak4556::Init(dsy_gpio_pin))
../../libDaisy//build/libdaisy.a(codec_wm8731.o)
                              ../../libDaisy//build/libdaisy.a(daisy_seed.o) (daisy::Wm8731::Init(daisy::Wm8731::Config const&, daisy::I2CHandle))
../../libDaisy//build/libdaisy.a(sdram.o)
                              ../../libDaisy//build/libdaisy.a(daisy_seed.o) (SdramHandle::Init())
../../libDaisy//build/libdaisy.a(audio.o)
                              ../../libDaisy//build/libdaisy.a(daisy_seed.o) (daisy::AudioHandle::Init(daisy::AudioHandle::Config const&, daisy::SaiHandle))
../../libDaisy//build/libdaisy.a(switch.o)
                              build/EncoderPush.o (daisy::Switch::Init(dsy_gpio_pin, float))
../../libDaisy//build/libdaisy.a(adc.o)
                              build/RM-38D.o (daisy::AdcChannelConfig::InitSingle(dsy_gpio_pin))
../../libDaisy//build/libdaisy.a(gpio.o)
                              build/EncoderPush.o (daisy::GPIO::Init(daisy::Pin, daisy::GPIO::Mode, daisy::GPIO::Pull, daisy::GPIO::Speed))
../../libDaisy//build/libdaisy.a(i2c.o)
                              build/RM-38D.o (daisy::I2CHandle::Init(daisy::I2CHandle::Config const&))
../../libDaisy//build/libdaisy.a(qspi.o)
                              ../../libDaisy//build/libdaisy.a(daisy_seed.o) (daisy::QSPIHandle::Init(daisy::QSPIHandle::Config const&))
../../libDaisy//build/libdaisy.a(sai.o)
                              ../../libDaisy//build/libdaisy.a(daisy_seed.o) (daisy::SaiHandle::Init(daisy::SaiHandle::Config const&))
../../libDaisy//build/libdaisy.a(sdmmc.o)
                              build/RM-38D.o (daisy::SdmmcHandler::Init(daisy::SdmmcHandler::Config const&))
../../libDaisy//build/libdaisy.a(spi.o)
                              build/StepButtons.o (daisy::SpiHandle::Init(daisy::SpiHandle::Config const&))
../../libDaisy//build/libdaisy.a(fatfs.o)
                              build/RM-38D.o (daisy::FatFSInterface::Init(unsigned char))
../../libDaisy//build/libdaisy.a(system.o)
                              ../../libDaisy//build/libdaisy.a(daisy_seed.o) (daisy::System::DeInit())
../../libDaisy//build/libdaisy.a(system_stm32h7xx.o)
                              build/startup_stm32h750xx.o (SystemInit)
../../libDaisy//build/libdaisy.a(usbd_conf.o)
                              ../../libDaisy//build/libdaisy.a(system.o) (hpcd_USB_OTG_HS)
../../libDaisy//build/libdaisy.a(usbh_conf.o)
                              ../../libDaisy//build/libdaisy.a(system.o) (hhcd_USB_OTG_HS)
../../libDaisy//build/libdaisy.a(hal_map.o)
                              ../../libDaisy//build/libdaisy.a(gpio.o) (dsy_hal_map_get_port)
../../libDaisy//build/libdaisy.a(oled_fonts.o)
                              build/RM-38D.o (Font_16x26)
../../libDaisy//build/libdaisy.a(sd_diskio.o)
                              ../../libDaisy//build/libdaisy.a(fatfs.o) (SD_Driver)
../../libDaisy//build/libdaisy.a(usbh_diskio.o)
                              ../../libDaisy//build/libdaisy.a(fatfs.o) (USBH_Driver)
../../libDaisy//build/libdaisy.a(stm32h7xx_hal.o)
                              ../../libDaisy//build/libdaisy.a(system.o) (HAL_Init)
../../libDaisy//build/libdaisy.a(stm32h7xx_hal_adc.o)
                              ../../libDaisy//build/libdaisy.a(adc.o) (HAL_ADC_ConfigChannel)
../../libDaisy//build/libdaisy.a(stm32h7xx_hal_adc_ex.o)
                              ../../libDaisy//build/libdaisy.a(adc.o) (HAL_ADCEx_Calibration_Start)
../../libDaisy//build/libdaisy.a(stm32h7xx_hal_cortex.o)
                              ../../libDaisy//build/libdaisy.a(stm32h7xx_hal.o) (HAL_NVIC_SetPriorityGrouping)
../../libDaisy//build/libdaisy.a(stm32h7xx_hal_dma.o)
                              ../../libDaisy//build/libdaisy.a(adc.o) (HAL_DMA_Init)
../../libDaisy//build/libdaisy.a(stm32h7xx_hal_gpio.o)
                              ../../libDaisy//build/libdaisy.a(sdram.o) (HAL_GPIO_Init)
../../libDaisy//build/libdaisy.a(stm32h7xx_hal_hcd.o)
                              ../../libDaisy//build/libdaisy.a(usbh_conf.o) (HAL_HCD_HC_Init)
../../libDaisy//build/libdaisy.a(stm32h7xx_hal_i2c.o)
                              ../../libDaisy//build/libdaisy.a(i2c.o) (HAL_I2C_Init)
../../libDaisy//build/libdaisy.a(stm32h7xx_hal_i2c_ex.o)
                              ../../libDaisy//build/libdaisy.a(i2c.o) (HAL_I2CEx_ConfigAnalogFilter)
../../libDaisy//build/libdaisy.a(stm32h7xx_hal_pcd.o)
                              ../../libDaisy//build/libdaisy.a(usbd_conf.o) (HAL_PCD_Init)
../../libDaisy//build/libdaisy.a(stm32h7xx_hal_pcd_ex.o)
[...]
Memory Configuration

Name             Origin             Length             Attributes
FLASH            0x0000000008000000 0x0000000000020000 xr
DTCMRAM          0x0000000020000000 0x0000000000020000 xrw
SRAM             0x0000000024000000 0x0000000000080000 xrw
RAM_D2           0x0000000030000000 0x0000000000048000 xrw
RAM_D3           0x0000000038000000 0x0000000000010000 xrw
ITCMRAM          0x0000000000000000 0x0000000000010000 xrw
SDRAM            0x00000000c0000000 0x0000000004000000 xrw
QSPIFLASH        0x0000000090000000 0x0000000000800000 xr
*default*        0x0000000000000000 0xffffffffffffffff

Linker script and memory map

LOAD /Library/DaisyToolchain/0.2.0/arm/bin/../lib/gcc/arm-none-eabi/10.3.1/thumb/v7e-m+dp/hard/crti.o
LOAD /Library/DaisyToolchain/0.2.0/arm/bin/../lib/gcc/arm-none-eabi/10.3.1/thumb/v7e-m+dp/hard/crtbegin.o
LOAD /Library/DaisyToolchain/0.2.0/arm/bin/../lib/gcc/arm-none-eabi/10.3.1/../../../../arm-none-eabi/lib/thumb/v7e-m+dp/hard/crt0.o
LOAD build/startup_stm32h750xx.o
LOAD build/diskio.o
LOAD build/ff.o
LOAD build/ff_gen_drv.o
LOAD build/ccsbcs.o
LOAD build/RM-38D.o
LOAD build/EncoderPush.o
LOAD build/InputDriver.o
LOAD build/SampleVoice.o
LOAD build/Sequence.o
LOAD build/StepButtons.o
LOAD build/StepLEDs.o
LOAD ../../libDaisy//build/libdaisy.a
LOAD /Library/DaisyToolchain/0.2.0/arm/bin/../lib/gcc/arm-none-eabi/10.3.1/../../../../arm-none-eabi/lib/thumb/v7e-m+dp/hard/libnosys.a
LOAD ../../DaisySP//build/libdaisysp.a
LOAD /Library/DaisyToolchain/0.2.0/arm/bin/../lib/gcc/arm-none-eabi/10.3.1/../../../../arm-none-eabi/lib/thumb/v7e-m+dp/hard/libstdc++_nano.a
LOAD /Library/DaisyToolchain/0.2.0/arm/bin/../lib/gcc/arm-none-eabi/10.3.1/../../../../arm-none-eabi/lib/thumb/v7e-m+dp/hard/libm.a
LOAD /Library/DaisyToolchain/0.2.0/arm/bin/../lib/gcc/arm-none-eabi/10.3.1/../../../../arm-none-eabi/lib/thumb/v7e-m+dp/hard/libc_nano.a
START GROUP
LOAD /Library/DaisyToolchain/0.2.0/arm/bin/../lib/gcc/arm-none-eabi/10.3.1/thumb/v7e-m+dp/hard/libgcc.a
LOAD /Library/DaisyToolchain/0.2.0/arm/bin/../lib/gcc/arm-none-eabi/10.3.1/../../../../arm-none-eabi/lib/thumb/v7e-m+dp/hard/libc_nano.a
END GROUP
START GROUP
LOAD /Library/DaisyToolchain/0.2.0/arm/bin/../lib/gcc/arm-none-eabi/10.3.1/thumb/v7e-m+dp/hard/libgcc.a
LOAD /Library/DaisyToolchain/0.2.0/arm/bin/../lib/gcc/arm-none-eabi/10.3.1/../../../../arm-none-eabi/lib/thumb/v7e-m+dp/hard/libc_nano.a
LOAD /Library/DaisyToolchain/0.2.0/arm/bin/../lib/gcc/arm-none-eabi/10.3.1/../../../../arm-none-eabi/lib/thumb/v7e-m+dp/hard/libnosys.a
END GROUP
START GROUP
LOAD /Library/DaisyToolchain/0.2.0/arm/bin/../lib/gcc/arm-none-eabi/10.3.1/thumb/v7e-m+dp/hard/libgcc.a
LOAD /Library/DaisyToolchain/0.2.0/arm/bin/../lib/gcc/arm-none-eabi/10.3.1/../../../../arm-none-eabi/lib/thumb/v7e-m+dp/hard/libc_nano.a
LOAD /Library/DaisyToolchain/0.2.0/arm/bin/../lib/gcc/arm-none-eabi/10.3.1/../../../../arm-none-eabi/lib/thumb/v7e-m+dp/hard/libnosys.a
END GROUP
LOAD /Library/DaisyToolchain/0.2.0/arm/bin/../lib/gcc/arm-none-eabi/10.3.1/thumb/v7e-m+dp/hard/crtend.o
LOAD /Library/DaisyToolchain/0.2.0/arm/bin/../lib/gcc/arm-none-eabi/10.3.1/thumb/v7e-m+dp/hard/crtn.o
                0x0000000020020000                _estack = 0x20020000

.isr_vector     0x0000000008000000      0x298
                0x0000000008000000                . = ALIGN (0x4)
 *(.isr_vector)
 .isr_vector    0x0000000008000000      0x298 build/startup_stm32h750xx.o
                0x0000000008000000                g_pfnVectors
                0x0000000008000298                . = ALIGN (0x4)

.text           0x00000000080002a0    0x1c4d4
                0x00000000080002a0                . = ALIGN (0x4)
                0x00000000080002a0                _stext = .
 *(.text)
 .text          0x00000000080002a0       0x40 /Library/DaisyToolchain/0.2.0/arm/bin/../lib/gcc/arm-none-eabi/10.3.1/thumb/v7e-m+dp/hard/crtbegin.o
 .text          0x00000000080002e0       0x10 /Library/DaisyToolchain/0.2.0/arm/bin/../lib/gcc/arm-none-eabi/10.3.1/../../../../arm-none-eabi/lib/thumb/v7e-m+dp/hard/libc_nano.a(lib_a-strlen.o)
                0x00000000080002e0                strlen
 .text          0x00000000080002f0       0xa0 /Library/DaisyToolchain/0.2.0/arm/bin/../lib/gcc/arm-none-eabi/10.3.1/../../../../arm-none-eabi/lib/thumb/v7e-m+dp/hard/libc_nano.a(lib_a-memchr.o)
                0x00000000080002f0                memchr
 .text          0x0000000008000390      0x378 /Library/DaisyToolchain/0.2.0/arm/bin/../lib/gcc/arm-none-eabi/10.3.1/thumb/v7e-m+dp/hard/libgcc.a(_arm_addsubdf3.o)
                0x0000000008000390                __aeabi_drsub
                0x0000000008000398                __subdf3
                0x0000000008000398                __aeabi_dsub
                0x000000000800039c                __aeabi_dadd
                0x000000000800039c                __adddf3
                0x0000000008000614                __aeabi_ui2d
                0x0000000008000614                __floatunsidf
                0x0000000008000634                __floatsidf
                0x0000000008000634                __aeabi_i2d
                0x0000000008000658                __extendsfdf2
                0x0000000008000658                __aeabi_f2d
                0x000000000800069c                __aeabi_ul2d
                0x000000000800069c                __floatundidf
                0x00000000080006ac                __aeabi_l2d
                0x00000000080006ac                __floatdidf
 .text          0x0000000008000708       0x30 /Library/DaisyToolchain/0.2.0/arm/bin/../lib/gcc/arm-none-eabi/10.3.1/thumb/v7e-m+dp/hard/libgcc.a(_aeabi_uldivmod.o)
                0x0000000008000708                __aeabi_uldivmod
 .text          0x0000000008000738      0x2d0 /Library/DaisyToolchain/0.2.0/arm/bin/../lib/gcc/arm-none-eabi/10.3.1/thumb/v7e-m+dp/hard/libgcc.a(_udivmoddi4.o)
                0x0000000008000738                __udivmoddi4
 .text          0x0000000008000a08        0x4 /Library/DaisyToolchain/0.2.0/arm/bin/../lib/gcc/arm-none-eabi/10.3.1/thumb/v7e-m+dp/hard/libgcc.a(_dvmd_tls.o)
                0x0000000008000a08                __aeabi_ldiv0
                0x0000000008000a08                __aeabi_idiv0
 *(.text*)
 .text.Default_Handler
                0x0000000008000a0c        0x2 build/startup_stm32h750xx.o
                0x0000000008000a0c                SAI1_IRQHandler
                0x0000000008000a0c                HASH_RNG_IRQHandler
                0x0000000008000a0c                EXTI2_IRQHandler
                0x0000000008000a0c                TIM8_CC_IRQHandler
                0x0000000008000a0c                HRTIM1_Master_IRQHandler
                0x0000000008000a0c                DebugMon_Handler
                0x0000000008000a0c                TIM1_CC_IRQHandler
                0x0000000008000a0c                BDMA_Channel6_IRQHandler
                0x0000000008000a0c                DMA2_Stream5_IRQHandler
                0x0000000008000a0c                HRTIM1_FLT_IRQHandler
                0x0000000008000a0c                JPEG_IRQHandler
                0x0000000008000a0c                BDMA_Channel1_IRQHandler
                0x0000000008000a0c                HRTIM1_TIMD_IRQHandler
                0x0000000008000a0c                TAMP_STAMP_IRQHandler
                0x0000000008000a0c                PendSV_Handler
                0x0000000008000a0c                NMI_Handler
                0x0000000008000a0c                EXTI3_IRQHandler
                0x0000000008000a0c                LPTIM4_IRQHandler
                0x0000000008000a0c                TIM8_TRG_COM_TIM14_IRQHandler
                0x0000000008000a0c                LPTIM2_IRQHandler
                0x0000000008000a0c                DFSDM1_FLT1_IRQHandler
                0x0000000008000a0c                DMAMUX2_OVR_IRQHandler
                0x0000000008000a0c                TIM8_UP_TIM13_IRQHandler
                0x0000000008000a0c                I2C3_ER_IRQHandler
                0x0000000008000a0c                DFSDM1_FLT2_IRQHandler
                0x0000000008000a0c                MDMA_IRQHandler
                0x0000000008000a0c                LPTIM3_IRQHandler
                0x0000000008000a0c                HSEM1_IRQHandler
                0x0000000008000a0c                EXTI0_IRQHandler
                0x0000000008000a0c                FPU_IRQHandler
                0x0000000008000a0c                OTG_HS_WKUP_IRQHandler
                0x0000000008000a0c                FDCAN1_IT1_IRQHandler
                0x0000000008000a0c                UsageFault_Handler
                0x0000000008000a0c                LTDC_ER_IRQHandler
                0x0000000008000a0c                HRTIM1_TIME_IRQHandler
                0x0000000008000a0c                TIM6_DAC_IRQHandler
                0x0000000008000a0c                DCMI_IRQHandler
                0x0000000008000a0c                HRTIM1_TIMC_IRQHandler
                0x0000000008000a0c                SAI2_IRQHandler
                0x0000000008000a0c                DFSDM1_FLT3_IRQHandler
                0x0000000008000a0c                TIM17_IRQHandler
                0x0000000008000a0c                CRYP_IRQHandler
                0x0000000008000a0c                BDMA_Channel7_IRQHandler
                0x0000000008000a0c                LPTIM5_IRQHandler
                0x0000000008000a0c                ADC3_IRQHandler
                0x0000000008000a0c                DMA2_Stream0_IRQHandler
                0x0000000008000a0c                BDMA_Channel2_IRQHandler
                0x0000000008000a0c                DMAMUX1_OVR_IRQHandler
                0x0000000008000a0c                TIM16_IRQHandler
                0x0000000008000a0c                BDMA_Channel5_IRQHandler
                0x0000000008000a0c                RCC_IRQHandler
                0x0000000008000a0c                TIM8_BRK_TIM12_IRQHandler
                0x0000000008000a0c                TIM1_TRG_COM_IRQHandler
                0x0000000008000a0c                Default_Handler
                0x0000000008000a0c                ECC_IRQHandler
                0x0000000008000a0c                CEC_IRQHandler
                0x0000000008000a0c                EXTI15_10_IRQHandler
                0x0000000008000a0c                BDMA_Channel0_IRQHandler
                0x0000000008000a0c                ADC_IRQHandler
                0x0000000008000a0c                DMA1_Stream7_IRQHandler
                0x0000000008000a0c                HRTIM1_TIMA_IRQHandler
                0x0000000008000a0c                TIM7_IRQHandler
                0x0000000008000a0c                DMA2_Stream7_IRQHandler
                0x0000000008000a0c                TIM15_IRQHandler
                0x0000000008000a0c                PVD_AVD_IRQHandler
                0x0000000008000a0c                EXTI9_5_IRQHandler
                0x0000000008000a0c                RTC_WKUP_IRQHandler
                0x0000000008000a0c                LTDC_IRQHandler
                0x0000000008000a0c                SAI3_IRQHandler
                0x0000000008000a0c                ETH_WKUP_IRQHandler
                0x0000000008000a0c                SPDIF_RX_IRQHandler
                0x0000000008000a0c                MemManage_Handler
                0x0000000008000a0c                SVC_Handler
                0x0000000008000a0c                CRS_IRQHandler
                0x0000000008000a0c                EXTI4_IRQHandler
                0x0000000008000a0c                HRTIM1_TIMB_IRQHandler
                0x0000000008000a0c                FDCAN2_IT1_IRQHandler
                0x0000000008000a0c                ETH_IRQHandler
                0x0000000008000a0c                TIM1_UP_IRQHandler
                0x0000000008000a0c                BDMA_Channel4_IRQHandler
                0x0000000008000a0c                WWDG_IRQHandler
                0x0000000008000a0c                SPI6_IRQHandler
                0x0000000008000a0c                I2C4_EV_IRQHandler
                0x0000000008000a0c                MDIOS_IRQHandler
                0x0000000008000a0c                FDCAN2_IT0_IRQHandler
                0x0000000008000a0c                FDCAN1_IT0_IRQHandler
                0x0000000008000a0c                OTG_FS_WKUP_IRQHandler
                0x0000000008000a0c                DMA2D_IRQHandler
                0x0000000008000a0c                TIM1_BRK_IRQHandler
                0x0000000008000a0c                EXTI1_IRQHandler
                0x0000000008000a0c                SDMMC2_IRQHandler
                0x0000000008000a0c                OTG_FS_EP1_OUT_IRQHandler
                0x0000000008000a0c                BDMA_Channel3_IRQHandler
                0x0000000008000a0c                MDIOS_WKUP_IRQHandler
                0x0000000008000a0c                DFSDM1_FLT0_IRQHandler
                0x0000000008000a0c                SAI4_IRQHandler
                0x0000000008000a0c                I2C2_ER_IRQHandler
                0x0000000008000a0c                DMA2_Stream1_IRQHandler
                0x0000000008000a0c                FLASH_IRQHandler
                0x0000000008000a0c                BusFault_Handler
                0x0000000008000a0c                OTG_FS_IRQHandler
                0x0000000008000a0c                WAKEUP_PIN_IRQHandler
                0x0000000008000a0c                OTG_FS_EP1_IN_IRQHandler
                0x0000000008000a0c                I2C1_ER_IRQHandler
                0x0000000008000a0c                FMC_IRQHandler
                0x0000000008000a0c                FDCAN_CAL_IRQHandler
                0x0000000008000a0c                SWPMI1_IRQHandler
                0x0000000008000a0c                COMP1_IRQHandler
                0x0000000008000a0c                LPTIM1_IRQHandler
                0x0000000008000a0c                I2C4_ER_IRQHandler
                0x0000000008000a0c                DMA2_Stream6_IRQHandler
                0x0000000008000a0c                RTC_Alarm_IRQHandler
 *fill*         0x0000000008000a0e        0x2 
 .text.Reset_Handler
                0x0000000008000a10       0x3c build/startup_stm32h750xx.o
                0x0000000008000a10                Reset_Handler
 .text.disk_status
                0x0000000008000a4c       0x14 build/diskio.o
                0x0000000008000a4c                disk_status
 .text.disk_initialize
                0x0000000008000a60       0x20 build/diskio.o
                0x0000000008000a60                disk_initialize
 .text.disk_read
                0x0000000008000a80       0x1c build/diskio.o
                0x0000000008000a80                disk_read
 .text.disk_write
                0x0000000008000a9c       0x1c build/diskio.o
                0x0000000008000a9c                disk_write
 .text.disk_ioctl
                0x0000000008000ab8       0x1c build/diskio.o
                0x0000000008000ab8                disk_ioctl
 .text.ld_dword
                0x0000000008000ad4        0x4 build/ff.o
 .text.st_dword
                0x0000000008000ad8       0x10 build/ff.o
 .text.mem_set  0x0000000008000ae8        0xc build/ff.o
 .text.clust2sect
                0x0000000008000af4       0x16 build/ff.o
 .text.clmt_clust
                0x0000000008000b0a       0x22 build/ff.o
 .text.st_clust
                0x0000000008000b2c       0x18 build/ff.o
 .text.sum_sfn  0x0000000008000b44       0x1e build/ff.o
 .text.get_ldnumber
                0x0000000008000b62       0x3a build/ff.o
 .text.validate
                0x0000000008000b9c       0x34 build/ff.o
 .text.get_fileinfo
                0x0000000008000bd0       0xe8 build/ff.o
 .text.mem_cpy.part.0
                0x0000000008000cb8       0x12 build/ff.o
 .text.sync_window.part.0
                0x0000000008000cca       0x4c build/ff.o
 .text.sync_window
                0x0000000008000d16        0xc build/ff.o
 .text.move_window
                0x0000000008000d22       0x32 build/ff.o
 .text.check_fs
                0x0000000008000d54       0x74 build/ff.o
 .text.find_volume
                0x0000000008000dc8      0x258 build/ff.o
 .text.put_fat  0x0000000008001020       0xfc build/ff.o
 .text.sync_fs  0x000000000800111c       0x96 build/ff.o
 .text.ld_clust.isra.0
                0x00000000080011b2       0x10 build/ff.o
 .text.get_fat.isra.0
                0x00000000080011c2       0xac build/ff.o
 .text.remove_chain
                0x000000000800126e       0x70 build/ff.o
 .text.create_chain
                0x00000000080012de       0xb0 build/ff.o
 .text.dir_sdi  0x000000000800138e       0x82 build/ff.o
 .text.dir_next
                0x0000000008001410       0xea build/ff.o
 *fill*         0x00000000080014fa        0x2 
 .text.dir_find
                0x00000000080014fc      0x160 build/ff.o
 .text.dir_register
                0x000000000800165c      0x27c build/ff.o
 .text.dir_read.constprop.0
                0x00000000080018d8       0xf4 build/ff.o
 .text.follow_path
                0x00000000080019cc      0x25c build/ff.o
 .text.f_mount  0x0000000008001c28       0x4c build/ff.o
                0x0000000008001c28                f_mount
 .text.f_open   0x0000000008001c74      0x1be build/ff.o
                0x0000000008001c74                f_open
 .text.f_read   0x0000000008001e32      0x164 build/ff.o
                0x0000000008001e32                f_read
 .text.f_sync   0x0000000008001f96       0x92 build/ff.o
                0x0000000008001f96                f_sync
 .text.f_close  0x0000000008002028       0x1a build/ff.o
                0x0000000008002028                f_close
 .text.f_lseek  0x0000000008002042      0x21a build/ff.o
                0x0000000008002042                f_lseek
 .text.f_opendir
                0x000000000800225c       0x68 build/ff.o
                0x000000000800225c                f_opendir
 .text.f_closedir
                0x00000000080022c4       0x12 build/ff.o
                0x00000000080022c4                f_closedir
 .text.f_readdir
                0x00000000080022d6       0x40 build/ff.o
                0x00000000080022d6                f_readdir
 *fill*         0x0000000008002316        0x2 
 .text.FATFS_LinkDriverEx
                0x0000000008002318       0x44 build/ff_gen_drv.o
                0x0000000008002318                FATFS_LinkDriverEx
 .text.FATFS_LinkDriver
                0x000000000800235c        0x6 build/ff_gen_drv.o
                0x000000000800235c                FATFS_LinkDriver
 *fill*         0x0000000008002362        0x2 
 .text.ff_convert
                0x0000000008002364       0x3c build/ccsbcs.o
                0x0000000008002364                ff_convert
 .text.ff_wtoupper
                0x00000000080023a0       0x84 build/ccsbcs.o
                0x00000000080023a0                ff_wtoupper
 .text._ZN5daisy11TimerHandleD2Ev
                0x0000000008002424        0x2 build/RM-38D.o
                0x0000000008002424                daisy::TimerHandle::~TimerHandle()
                0x0000000008002424                daisy::TimerHandle::~TimerHandle()
 .text._ZN5daisy12SdmmcHandlerD2Ev
                0x0000000008002426        0x2 build/RM-38D.o
                0x0000000008002426                daisy::SdmmcHandler::~SdmmcHandler()
                0x0000000008002426                daisy::SdmmcHandler::~SdmmcHandler()
 .text._ZN5daisy9DaisySeedD2Ev
                0x0000000008002428        0x2 build/RM-38D.o
                0x0000000008002428                daisy::DaisySeed::~DaisySeed()
                0x0000000008002428                daisy::DaisySeed::~DaisySeed()
 .text._ZN7daisysp5MetroD2Ev
                0x000000000800242a        0x2 build/RM-38D.o
                0x000000000800242a                daisysp::Metro::~Metro()
                0x000000000800242a                daisysp::Metro::~Metro()
 .text._ZN8StepLEDsD2Ev
                0x000000000800242c        0x2 build/RM-38D.o
                0x000000000800242c                StepLEDs::~StepLEDs()
                0x000000000800242c                StepLEDs::~StepLEDs()
 .text._ZN9SequencerILj16ELj16ELj16EED2Ev
                0x000000000800242e        0x2 build/RM-38D.o
                0x000000000800242e                Sequencer<16u, 16u, 16u>::~Sequencer()
                0x000000000800242e                Sequencer<16u, 16u, 16u>::~Sequencer()
 .text._ZN11InputDriverD2Ev
                0x0000000008002430        0x2 build/RM-38D.o
                0x0000000008002430                InputDriver::~InputDriver()
                0x0000000008002430                InputDriver::~InputDriver()
 .text._ZN5daisy11OledDisplayINS_13SSD130xDriverILj128ELj64ENS_19SSD130xI2CTransportEEEED2Ev
                0x0000000008002432        0x2 build/RM-38D.o
                0x0000000008002432                daisy::OledDisplay<daisy::SSD130xDriver<128u, 64u, daisy::SSD130xI2CTransport> >::~OledDisplay()
                0x0000000008002432                daisy::OledDisplay<daisy::SSD130xDriver<128u, 64u, daisy::SSD130xI2CTransport> >::~OledDisplay()
 .text._ZNK5daisy11OledDisplayINS_13SSD130xDriverILj128ELj64ENS_19SSD130xI2CTransportEEEE6HeightEv
                0x0000000008002434        0x4 build/RM-38D.o
                0x0000000008002434                daisy::OledDisplay<daisy::SSD130xDriver<128u, 64u, daisy::SSD130xI2CTransport> >::Height() const
 .text._ZNK5daisy11OledDisplayINS_13SSD130xDriverILj128ELj64ENS_19SSD130xI2CTransportEEEE5WidthEv
                0x0000000008002438        0x4 build/RM-38D.o
                0x0000000008002438                daisy::OledDisplay<daisy::SSD130xDriver<128u, 64u, daisy::SSD130xI2CTransport> >::Width() const
 .text._ZN5daisy11OledDisplayINS_13SSD130xDriverILj128ELj64ENS_19SSD130xI2CTransportEEEED0Ev
                0x000000000800243c       0x10 build/RM-38D.o
                0x000000000800243c                daisy::OledDisplay<daisy::SSD130xDriver<128u, 64u, daisy::SSD130xI2CTransport> >::~OledDisplay()
 .text._ZN5daisy21OneBitGraphicsDisplay9SetCursorEtt
                0x000000000800244c       0x3c build/RM-38D.o
                0x000000000800244c                daisy::OneBitGraphicsDisplay::SetCursor(unsigned short, unsigned short)
 .text._ZN5daisy19SSD130xI2CTransport11SendCommandEh
                0x0000000008002488       0x22 build/RM-38D.o
                0x0000000008002488                daisy::SSD130xI2CTransport::SendCommand(unsigned char)
 .text._Z8endsWithPKcS0_
                0x00000000080024aa       0x2e build/RM-38D.o
                0x00000000080024aa                endsWith(char const*, char const*)
 .text._Z13InitVolumeADCv
                0x00000000080024d8       0x34 build/RM-38D.o
                0x00000000080024d8                InitVolumeADC()
 .text._Z9GetVolumev
                0x000000000800250c       0x18 build/RM-38D.o
                0x000000000800250c                GetVolume()
 .text._ZN5daisy10RingBufferI16ControlChangeMsgLj32EE5WriteES1_
                0x0000000008002524       0x52 build/RM-38D.o
                0x0000000008002524                daisy::RingBuffer<ControlChangeMsg, 32u>::Write(ControlChangeMsg)
 *fill*         0x0000000008002576        0x2 
 .text._Z14GetSampleVoiceh
                0x0000000008002578       0x28 build/RM-38D.o
                0x0000000008002578                GetSampleVoice(unsigned char)
 .text._Z11GetSequencehh
                0x00000000080025a0       0x2c build/RM-38D.o
                0x00000000080025a0                GetSequence(unsigned char, unsigned char)
 .text._Z19GetGlobalParametersv
                0x00000000080025cc       0x24 build/RM-38D.o
                0x00000000080025cc                GetGlobalParameters()
 .text._Z16IncrementControlhha
                0x00000000080025f0       0x30 build/RM-38D.o
                0x00000000080025f0                IncrementControl(unsigned char, unsigned char, signed char)
 .text._Z16IncrementControlha
                0x0000000008002620       0x2c build/RM-38D.o
                0x0000000008002620                IncrementControl(unsigned char, signed char)
 .text._Z13ToggleControlh
                0x000000000800264c       0x24 build/RM-38D.o
                0x000000000800264c                ToggleControl(unsigned char)
 .text._Z18ToggleSequenceStephhh
                0x0000000008002670       0x30 build/RM-38D.o
                0x0000000008002670                ToggleSequenceStep(unsigned char, unsigned char, unsigned char)
 .text._Z15SendSampleVoicefa
                0x00000000080026a0       0x30 build/RM-38D.o
                0x00000000080026a0                SendSampleVoice(float, signed char)
 .text._Z22SendSequenceParameters18SequenceParameters
                0x00000000080026d0       0x28 build/RM-38D.o
                0x00000000080026d0                SendSequenceParameters(SequenceParameters)
 .text._Z20SendGlobalParameters16GlobalParameters
                0x00000000080026f8       0x2c build/RM-38D.o
                0x00000000080026f8                SendGlobalParameters(GlobalParameters)
 .text._ZN5daisy13SSD130xDriverILj128ELj64ENS_19SSD130xI2CTransportEE4FillEb
                0x0000000008002724       0x14 build/RM-38D.o
                0x0000000008002724                daisy::SSD130xDriver<128u, 64u, daisy::SSD130xI2CTransport>::Fill(bool)
 .text._ZN5daisy11OledDisplayINS_13SSD130xDriverILj128ELj64ENS_19SSD130xI2CTransportEEEE4FillEb
                0x0000000008002738        0xa build/RM-38D.o
                0x0000000008002738                daisy::OledDisplay<daisy::SSD130xDriver<128u, 64u, daisy::SSD130xI2CTransport> >::Fill(bool)
 .text._ZN5daisy13SSD130xDriverILj128ELj64ENS_19SSD130xI2CTransportEE6UpdateEv
                0x0000000008002742       0x5c build/RM-38D.o
                0x0000000008002742                daisy::SSD130xDriver<128u, 64u, daisy::SSD130xI2CTransport>::Update()
 .text._ZN5daisy11OledDisplayINS_13SSD130xDriverILj128ELj64ENS_19SSD130xI2CTransportEEEE6UpdateEv
                0x000000000800279e        0xa build/RM-38D.o
                0x000000000800279e                daisy::OledDisplay<daisy::SSD130xDriver<128u, 64u, daisy::SSD130xI2CTransport> >::Update()
 .text._ZN8SequenceILj16ELj16EE6GetLEDEj
                0x00000000080027a8       0x24 build/RM-38D.o
                0x00000000080027a8                Sequence<16u, 16u>::GetLED(unsigned int)
 *fill*         0x00000000080027cc        0x4 
 .text._Z13AudioCallbackPKPKfPPfj
                0x00000000080027d0      0x408 build/RM-38D.o
                0x00000000080027d0                AudioCallback(float const* const*, float**, unsigned int)
 .text._ZN5daisy13SSD130xDriverILj128ELj64ENS_19SSD130xI2CTransportEE4InitENS2_6ConfigE
                0x0000000008002bd8       0xd8 build/RM-38D.o
                0x0000000008002bd8                daisy::SSD130xDriver<128u, 64u, daisy::SSD130xI2CTransport>::Init(daisy::SSD130xDriver<128u, 64u, daisy::SSD130xI2CTransport>::Config)
 .text._ZN5daisy13SSD130xDriverILj128ELj64ENS_19SSD130xI2CTransportEE9DrawPixelEjjb
                0x0000000008002cb0       0x30 build/RM-38D.o
                0x0000000008002cb0                daisy::SSD130xDriver<128u, 64u, daisy::SSD130xI2CTransport>::DrawPixel(unsigned int, unsigned int, bool)
 .text._ZN5daisy11OledDisplayINS_13SSD130xDriverILj128ELj64ENS_19SSD130xI2CTransportEEEE9DrawPixelEjjb
                0x0000000008002ce0        0xa build/RM-38D.o
                0x0000000008002ce0                daisy::OledDisplay<daisy::SSD130xDriver<128u, 64u, daisy::SSD130xI2CTransport> >::DrawPixel(unsigned int, unsigned int, bool)
 .text._ZN5daisy25OneBitGraphicsDisplayImplINS_11OledDisplayINS_13SSD130xDriverILj128ELj64ENS_19SSD130xI2CTransportEEEEEE9WriteCharEc7FontDefb
                0x0000000008002cea       0xa8 build/RM-38D.o
                0x0000000008002cea                daisy::OneBitGraphicsDisplayImpl<daisy::OledDisplay<daisy::SSD130xDriver<128u, 64u, daisy::SSD130xI2CTransport> > >::WriteChar(char, FontDef, bool)
 .text._ZN5daisy25OneBitGraphicsDisplayImplINS_11OledDisplayINS_13SSD130xDriverILj128ELj64ENS_19SSD130xI2CTransportEEEEEE11WriteStringEPKc7FontDefb
                0x0000000008002d92       0x30 build/RM-38D.o
                0x0000000008002d92                daisy::OneBitGraphicsDisplayImpl<daisy::OledDisplay<daisy::SSD130xDriver<128u, 64u, daisy::SSD130xI2CTransport> > >::WriteString(char const*, FontDef, bool)
 .text._ZN5daisy25OneBitGraphicsDisplayImplINS_11OledDisplayINS_13SSD130xDriverILj128ELj64ENS_19SSD130xI2CTransportEEEEEE18WriteStringAlignedEPKcRK7FontDefNS_9RectangleENS_9AlignmentEb
                0x0000000008002dc2      0x132 build/RM-38D.o
                0x0000000008002dc2                daisy::OneBitGraphicsDisplayImpl<daisy::OledDisplay<daisy::SSD130xDriver<128u, 64u, daisy::SSD130xI2CTransport> > >::WriteStringAligned(char const*, FontDef const&, daisy::Rectangle, daisy::Alignment, bool)
 .text._Z6initUIv
                0x0000000008002ef4       0xa0 build/RM-38D.o
                0x0000000008002ef4                initUI()
 .text.startup.main
                0x0000000008002f94      0x488 build/RM-38D.o
                0x0000000008002f94                main
 *fill*         0x000000000800341c        0x4 
 .text._ZN5daisy25OneBitGraphicsDisplayImplINS_11OledDisplayINS_13SSD130xDriverILj128ELj64ENS_19SSD130xI2CTransportEEEEEE7DrawArcEjjjiib
                0x0000000008003420      0x300 build/RM-38D.o
                0x0000000008003420                daisy::OneBitGraphicsDisplayImpl<daisy::OledDisplay<daisy::SSD130xDriver<128u, 64u, daisy::SSD130xI2CTransport> > >::DrawArc(unsigned int, unsigned int, unsigned int, int, int, bool)
 .text._ZN5daisy25OneBitGraphicsDisplayImplINS_11OledDisplayINS_13SSD130xDriverILj128ELj64ENS_19SSD130xI2CTransportEEEEEE8DrawLineEjjjjb
                0x0000000008003720       0x9a build/RM-38D.o
                0x0000000008003720                daisy::OneBitGraphicsDisplayImpl<daisy::OledDisplay<daisy::SSD130xDriver<128u, 64u, daisy::SSD130xI2CTransport> > >::DrawLine(unsigned int, unsigned int, unsigned int, unsigned int, bool)
 .text._ZN5daisy25OneBitGraphicsDisplayImplINS_11OledDisplayINS_13SSD130xDriverILj128ELj64ENS_19SSD130xI2CTransportEEEEEE8DrawRectEjjjjbb
                0x00000000080037ba       0x7e build/RM-38D.o
                0x00000000080037ba                daisy::OneBitGraphicsDisplayImpl<daisy::OledDisplay<daisy::SSD130xDriver<128u, 64u, daisy::SSD130xI2CTransport> > >::DrawRect(unsigned int, unsigned int, unsigned int, unsigned int, bool, bool)
 .text.startup._GLOBAL__sub_I_tim5_handle
                0x0000000008003838      0x1f0 build/RM-38D.o
 .text._ZN11EncoderPush4InitEN5daisy3PinES1_S1_
                0x0000000008003a28       0x5c build/EncoderPush.o
                0x0000000008003a28                EncoderPush::Init(daisy::Pin, daisy::Pin, daisy::Pin)
 .text._ZN11EncoderPush6UpdateEv
                0x0000000008003a84        0x6 build/EncoderPush.o
                0x0000000008003a84                EncoderPush::Update()
 .text._ZN11EncoderPush6RisingEv
                0x0000000008003a8a       0x16 build/EncoderPush.o
                0x0000000008003a8a                EncoderPush::Rising()
 .text._ZN11EncoderPush7FallingEv
                0x0000000008003aa0       0x16 build/EncoderPush.o
                0x0000000008003aa0                EncoderPush::Falling()
 .text._ZN11EncoderPush10ReadRotaryEv
                0x0000000008003ab6       0x5a build/EncoderPush.o
                0x0000000008003ab6                EncoderPush::ReadRotary()
 .text._ZN11InputDriver4InitEv
                0x0000000008003b10      0x138 build/InputDriver.o
                0x0000000008003b10                InputDriver::Init()
 .text._ZN11InputDriver3PopEv
                0x0000000008003c48       0x44 build/InputDriver.o
                0x0000000008003c48                InputDriver::Pop()
 .text._ZN5daisy10RingBufferI5InputLj32EE5WriteES1_
                0x0000000008003c8c       0x50 build/InputDriver.o
                0x0000000008003c8c                daisy::RingBuffer<Input, 32u>::Write(Input)
 .text._ZN11InputDriver6UpdateEv
                0x0000000008003cdc      0x2e0 build/InputDriver.o
                0x0000000008003cdc                InputDriver::Update()
 .text._ZN11SampleVoice4InitEPsm
                0x0000000008003fbc       0x12 build/SampleVoice.o
                0x0000000008003fbc                SampleVoice::Init(short*, unsigned long)
 *fill*         0x0000000008003fce        0x2 
 .text._ZN11SampleVoice4PlayEh
                0x0000000008003fd0       0x28 build/SampleVoice.o
                0x0000000008003fd0                SampleVoice::Play(unsigned char)
 .text._ZN11SampleVoice12IncrementPanEa
                0x0000000008003ff8       0x26 build/SampleVoice.o
                0x0000000008003ff8                SampleVoice::IncrementPan(signed char)
 *fill*         0x000000000800401e        0x2 
 .text._ZN11SampleVoice6StreamEv
                0x0000000008004020       0x40 build/SampleVoice.o
                0x0000000008004020                SampleVoice::Stream()
 .text._ZN11SampleVoice13IncrementGainEaf
                0x0000000008004060       0x50 build/SampleVoice.o
                0x0000000008004060                SampleVoice::IncrementGain(signed char, float)
 .text._ZN11SampleVoice12StreamStereoEv
                0x00000000080040b0       0x4a build/SampleVoice.o
                0x00000000080040b0                SampleVoice::StreamStereo()
 .text._ZN11SampleVoice9SetSampleEPc
                0x00000000080040fa       0xa8 build/SampleVoice.o
                0x00000000080040fa                SampleVoice::SetSample(char*)
 *fill*         0x00000000080041a2        0x2 
 .text._ZN11StepButtons4InitEv
                0x00000000080041a4       0x88 build/StepButtons.o
                0x00000000080041a4                StepButtons::Init()
 .text._ZN11StepButtons3GetEh
                0x000000000800422c       0x24 build/StepButtons.o
                0x000000000800422c                StepButtons::Get(unsigned char)
 .text._ZN11StepButtons8DebounceEv
                0x0000000008004250       0x7e build/StepButtons.o
                0x0000000008004250                StepButtons::Debounce()
 .text._ZN8StepLEDs5WriteEv
                0x00000000080042ce       0x2a build/StepLEDs.o
                0x00000000080042ce                StepLEDs::Write()
 .text._ZN8StepLEDs4InitEv
                0x00000000080042f8       0x60 build/StepLEDs.o
                0x00000000080042f8                StepLEDs::Init()
 .text._ZN8StepLEDs3SetEt
                0x0000000008004358        0x8 build/StepLEDs.o
                0x0000000008004358                StepLEDs::Set(unsigned short)
 .text._ZN5daisy9DaisySeed10StartAudioEPFvPKPKfPPfjE
                0x0000000008004360        0x8 ../../libDaisy//build/libdaisy.a(daisy_seed.o)
                0x0000000008004360                daisy::DaisySeed::StartAudio(void (*)(float const* const*, float**, unsigned int))
 .text._ZN5daisy9DaisySeed18SetAudioSampleRateENS_9SaiHandle6Config10SampleRateE
                0x0000000008004368       0x38 ../../libDaisy//build/libdaisy.a(daisy_seed.o)
                0x0000000008004368                daisy::DaisySeed::SetAudioSampleRate(daisy::SaiHandle::Config::SampleRate)
 .text._ZN5daisy9DaisySeed15AudioSampleRateEv
                0x00000000080043a0        0x8 ../../libDaisy//build/libdaisy.a(daisy_seed.o)
                0x00000000080043a0                daisy::DaisySeed::AudioSampleRate()
 .text._ZN5daisy9DaisySeed17SetAudioBlockSizeEj
                0x00000000080043a8       0x38 ../../libDaisy//build/libdaisy.a(daisy_seed.o)
                0x00000000080043a8                daisy::DaisySeed::SetAudioBlockSize(unsigned int)
 .text._ZN5daisy9DaisySeed14ConfigureAudioEv
                0x00000000080043e0       0xd0 ../../libDaisy//build/libdaisy.a(daisy_seed.o)
                0x00000000080043e0                daisy::DaisySeed::ConfigureAudio()
 .text._ZN5daisy9DaisySeed4InitEb
                0x00000000080044b0       0xf0 ../../libDaisy//build/libdaisy.a(daisy_seed.o)
                0x00000000080044b0                daisy::DaisySeed::Init(bool)
 .text._ZN5daisy6Ak45564InitE12dsy_gpio_pin
                0x00000000080045a0       0x44 ../../libDaisy//build/libdaisy.a(codec_ak4556.o)
                0x00000000080045a0                daisy::Ak4556::Init(dsy_gpio_pin)
 .text._ZN5daisy6Wm873120WriteControlRegisterEht
                0x00000000080045e4       0x3c ../../libDaisy//build/libdaisy.a(codec_wm8731.o)
                0x00000000080045e4                daisy::Wm8731::WriteControlRegister(unsigned char, unsigned short)
 .text._ZN5daisy6Wm87314InitERKNS0_6ConfigENS_9I2CHandleE
                0x0000000008004620      0x1bc ../../libDaisy//build/libdaisy.a(codec_wm8731.o)
                0x0000000008004620                daisy::Wm8731::Init(daisy::Wm8731::Config const&, daisy::I2CHandle)
 .text._ZN11SdramHandle10DeviceInitEv
                0x00000000080047dc       0x98 ../../libDaisy//build/libdaisy.a(sdram.o)
                0x00000000080047dc                SdramHandle::DeviceInit()
 .text._ZN11SdramHandle4InitEv
                0x0000000008004874       0x7c ../../libDaisy//build/libdaisy.a(sdram.o)
                0x0000000008004874                SdramHandle::Init()
 .text.HAL_SDRAM_MspInit
                0x00000000080048f0      0x1a8 ../../libDaisy//build/libdaisy.a(sdram.o)
                0x00000000080048f0                HAL_SDRAM_MspInit
 .text._ZN5daisy11AudioHandle4Impl16InternalCallbackEPlS2_j
                0x0000000008004a98      0xbbc ../../libDaisy//build/libdaisy.a(audio.o)
                0x0000000008004a98                daisy::AudioHandle::Impl::InternalCallback(long*, long*, unsigned int)
 .text._ZN5daisy11AudioHandle4InitERKNS0_6ConfigENS_9SaiHandleE
                0x0000000008005654       0x70 ../../libDaisy//build/libdaisy.a(audio.o)
                0x0000000008005654                daisy::AudioHandle::Init(daisy::AudioHandle::Config const&, daisy::SaiHandle)
 .text._ZNK5daisy11AudioHandle9GetConfigEv
                0x00000000080056c4        0x8 ../../libDaisy//build/libdaisy.a(audio.o)
                0x00000000080056c4                daisy::AudioHandle::GetConfig() const
 .text._ZN5daisy11AudioHandle12SetBlockSizeEj
                0x00000000080056cc       0x1c ../../libDaisy//build/libdaisy.a(audio.o)
                0x00000000080056cc                daisy::AudioHandle::SetBlockSize(unsigned int)
 .text._ZN5daisy11AudioHandle13GetSampleRateEv
                0x00000000080056e8        0x8 ../../libDaisy//build/libdaisy.a(audio.o)
                0x00000000080056e8                daisy::AudioHandle::GetSampleRate()
 .text._ZN5daisy11AudioHandle13SetSampleRateENS_9SaiHandle6Config10SampleRateE
                0x00000000080056f0       0x88 ../../libDaisy//build/libdaisy.a(audio.o)
                0x00000000080056f0                daisy::AudioHandle::SetSampleRate(daisy::SaiHandle::Config::SampleRate)
 .text._ZN5daisy11AudioHandle5StartEPFvPKPKfPPfjE
                0x0000000008005778       0x44 ../../libDaisy//build/libdaisy.a(audio.o)
                0x0000000008005778                daisy::AudioHandle::Start(void (*)(float const* const*, float**, unsigned int))
 .text.startup._GLOBAL__sub_I__ZN5daisy11AudioHandle4Impl4InitENS0_6ConfigENS_9SaiHandleE
                0x00000000080057bc       0x24 ../../libDaisy//build/libdaisy.a(audio.o)
 .text._ZN5daisy6Switch4InitE12dsy_gpio_pinf
                0x00000000080057e0       0x34 ../../libDaisy//build/libdaisy.a(switch.o)
                0x00000000080057e0                daisy::Switch::Init(dsy_gpio_pin, float)
 .text._ZN5daisy6Switch8DebounceEv
                0x0000000008005814       0x5c ../../libDaisy//build/libdaisy.a(switch.o)
                0x0000000008005814                daisy::Switch::Debounce()
 .text._ZN5daisy16AdcChannelConfig10InitSingleE12dsy_gpio_pin
                0x0000000008005870       0x1c ../../libDaisy//build/libdaisy.a(adc.o)
                0x0000000008005870                daisy::AdcChannelConfig::InitSingle(dsy_gpio_pin)
 .text._ZN5daisy9AdcHandle4InitEPNS_16AdcChannelConfigEjNS0_12OverSamplingE
                0x000000000800588c      0x3c8 ../../libDaisy//build/libdaisy.a(adc.o)
                0x000000000800588c                daisy::AdcHandle::Init(daisy::AdcChannelConfig*, unsigned int, daisy::AdcHandle::OverSampling)
 .text._ZN5daisy9AdcHandle5StartEv
                0x0000000008005c54       0x2c ../../libDaisy//build/libdaisy.a(adc.o)
                0x0000000008005c54                daisy::AdcHandle::Start()
 .text._ZNK5daisy9AdcHandle8GetFloatEh
                0x0000000008005c80       0x20 ../../libDaisy//build/libdaisy.a(adc.o)
                0x0000000008005c80                daisy::AdcHandle::GetFloat(unsigned char) const
 .text.HAL_ADC_MspInit
                0x0000000008005ca0       0x98 ../../libDaisy//build/libdaisy.a(adc.o)
                0x0000000008005ca0                HAL_ADC_MspInit
 .text.DMA1_Stream2_IRQHandler
                0x0000000008005d38        0xc ../../libDaisy//build/libdaisy.a(adc.o)
                0x0000000008005d38                DMA1_Stream2_IRQHandler
 .text.HAL_ADC_ConvCpltCallback
                0x0000000008005d44      0x148 ../../libDaisy//build/libdaisy.a(adc.o)
                0x0000000008005d44                HAL_ADC_ConvCpltCallback
 .text.HAL_ADC_ErrorCallback
                0x0000000008005e8c        0x4 ../../libDaisy//build/libdaisy.a(adc.o)
                0x0000000008005e8c                HAL_ADC_ErrorCallback
 .text._ZN5daisy4GPIO4InitENS_3PinENS0_4ModeENS0_4PullENS0_5SpeedE
                0x0000000008005e90      0x1cc ../../libDaisy//build/libdaisy.a(gpio.o)
                0x0000000008005e90                daisy::GPIO::Init(daisy::Pin, daisy::GPIO::Mode, daisy::GPIO::Pull, daisy::GPIO::Speed)
 .text._ZN5daisy4GPIO4ReadEv
                0x000000000800605c       0x18 ../../libDaisy//build/libdaisy.a(gpio.o)
                0x000000000800605c                daisy::GPIO::Read()
 .text._ZN5daisy4GPIO5WriteEb
                0x0000000008006074       0x14 ../../libDaisy//build/libdaisy.a(gpio.o)
                0x0000000008006074                daisy::GPIO::Write(bool)
 .text.dsy_gpio_init
                0x0000000008006088      0x1b8 ../../libDaisy//build/libdaisy.a(gpio.o)
                0x0000000008006088                dsy_gpio_init
 .text.dsy_gpio_read
                0x0000000008006240       0x1c ../../libDaisy//build/libdaisy.a(gpio.o)
                0x0000000008006240                dsy_gpio_read
 .text.dsy_gpio_write
                0x000000000800625c       0x24 ../../libDaisy//build/libdaisy.a(gpio.o)
                0x000000000800625c                dsy_gpio_write
 .text._ZN5daisy9I2CHandle4Impl8InitPinsEv
                0x0000000008006280       0x58 ../../libDaisy//build/libdaisy.a(i2c.o)
                0x0000000008006280                daisy::I2CHandle::Impl::InitPins()
 .text.HAL_I2C_MspInit
                0x00000000080062d8      0x1b4 ../../libDaisy//build/libdaisy.a(i2c.o)
                0x00000000080062d8                HAL_I2C_MspInit
 .text.dsy_i2c_global_init
                0x000000000800648c       0x78 ../../libDaisy//build/libdaisy.a(i2c.o)
                0x000000000800648c                dsy_i2c_global_init
 .text.DMA1_Stream6_IRQHandler
                0x0000000008006504       0x34 ../../libDaisy//build/libdaisy.a(i2c.o)
                0x0000000008006504                DMA1_Stream6_IRQHandler
 .text.I2C1_EV_IRQHandler
                0x0000000008006538        0xc ../../libDaisy//build/libdaisy.a(i2c.o)
                0x0000000008006538                I2C1_EV_IRQHandler
 .text.I2C2_EV_IRQHandler
                0x0000000008006544        0xc ../../libDaisy//build/libdaisy.a(i2c.o)
                0x0000000008006544                I2C2_EV_IRQHandler
 .text.I2C3_EV_IRQHandler
                0x0000000008006550        0xc ../../libDaisy//build/libdaisy.a(i2c.o)
                0x0000000008006550                I2C3_EV_IRQHandler
 .text._ZN5daisy9I2CHandle4InitERKNS0_6ConfigE
                0x000000000800655c      0x12c ../../libDaisy//build/libdaisy.a(i2c.o)
                0x000000000800655c                daisy::I2CHandle::Init(daisy::I2CHandle::Config const&)
 .text._ZN5daisy9I2CHandle16TransmitBlockingEtPhtm
                0x0000000008006688       0x50 ../../libDaisy//build/libdaisy.a(i2c.o)
                0x0000000008006688                daisy::I2CHandle::TransmitBlocking(unsigned short, unsigned char*, unsigned short, unsigned long)
 .text.startup._GLOBAL__sub_I__ZN5daisy9I2CHandle4Impl10GlobalInitEv
                0x00000000080066d8       0x18 ../../libDaisy//build/libdaisy.a(i2c.o)
 .text._ZN5daisy10QSPIHandle4Impl11WriteEnableEv
                0x00000000080066f0       0x8c ../../libDaisy//build/libdaisy.a(qspi.o)
                0x00000000080066f0                daisy::QSPIHandle::Impl::WriteEnable()
 *fill*         0x000000000800677c        0x4 
 .text._ZN5daisy10QSPIHandle4Impl17DummyCyclesConfigENS0_6Config6DeviceE
                0x0000000008006780      0x118 ../../libDaisy//build/libdaisy.a(qspi.o)
                0x0000000008006780                daisy::QSPIHandle::Impl::DummyCyclesConfig(daisy::QSPIHandle::Config::Device)
 .text._ZN5daisy10QSPIHandle4Impl10QuadEnableEv
                0x0000000008006898      0x158 ../../libDaisy//build/libdaisy.a(qspi.o)
                0x0000000008006898                daisy::QSPIHandle::Impl::QuadEnable()
 .text._ZN5daisy10QSPIHandle4InitERKNS0_6ConfigE
                0x00000000080069f0      0x198 ../../libDaisy//build/libdaisy.a(qspi.o)
                0x00000000080069f0                daisy::QSPIHandle::Init(daisy::QSPIHandle::Config const&)
 .text.HAL_QSPI_MspInit
                0x0000000008006b88      0x11c ../../libDaisy//build/libdaisy.a(qspi.o)
                0x0000000008006b88                HAL_QSPI_MspInit
 .text.HAL_QSPI_MspDeInit
                0x0000000008006ca4       0x54 ../../libDaisy//build/libdaisy.a(qspi.o)
                0x0000000008006ca4                HAL_QSPI_MspDeInit
 .text.QUADSPI_IRQHandler
                0x0000000008006cf8        0xc ../../libDaisy//build/libdaisy.a(qspi.o)
                0x0000000008006cf8                QUADSPI_IRQHandler
 .text.startup._GLOBAL__sub_I__ZN5daisy10QSPIHandle4Impl4InitERKNS0_6ConfigE
                0x0000000008006d04       0x28 ../../libDaisy//build/libdaisy.a(qspi.o)
 .text._ZN5daisy9SaiHandle4Impl7InitDmaENS1_15PeripheralBlockE
                0x0000000008006d2c       0xa0 ../../libDaisy//build/libdaisy.a(sai.o)
                0x0000000008006d2c                daisy::SaiHandle::Impl::InitDma(daisy::SaiHandle::Impl::PeripheralBlock)
 .text._ZN5daisy9SaiHandle4Impl8InitPinsEv
                0x0000000008006dcc       0xa8 ../../libDaisy//build/libdaisy.a(sai.o)
                0x0000000008006dcc                daisy::SaiHandle::Impl::InitPins()
 .text.HAL_SAI_MspInit
                0x0000000008006e74      0x164 ../../libDaisy//build/libdaisy.a(sai.o)
                0x0000000008006e74                HAL_SAI_MspInit
 .text.DMA1_Stream0_IRQHandler
                0x0000000008006fd8        0xc ../../libDaisy//build/libdaisy.a(sai.o)
                0x0000000008006fd8                DMA1_Stream0_IRQHandler
 .text.DMA1_Stream1_IRQHandler
                0x0000000008006fe4        0xc ../../libDaisy//build/libdaisy.a(sai.o)
                0x0000000008006fe4                DMA1_Stream1_IRQHandler
 .text.DMA1_Stream3_IRQHandler
                0x0000000008006ff0        0xc ../../libDaisy//build/libdaisy.a(sai.o)
                0x0000000008006ff0                DMA1_Stream3_IRQHandler
 .text.DMA1_Stream4_IRQHandler
                0x0000000008006ffc        0xc ../../libDaisy//build/libdaisy.a(sai.o)
                0x0000000008006ffc                DMA1_Stream4_IRQHandler
 .text.HAL_SAI_RxHalfCpltCallback
                0x0000000008007008       0x78 ../../libDaisy//build/libdaisy.a(sai.o)
                0x0000000008007008                HAL_SAI_RxHalfCpltCallback
 .text.HAL_SAI_RxCpltCallback
                0x0000000008007080       0x70 ../../libDaisy//build/libdaisy.a(sai.o)
                0x0000000008007080                HAL_SAI_RxCpltCallback
 .text._ZN5daisy9SaiHandle4InitERKNS0_6ConfigE
                0x00000000080070f0      0x1f0 ../../libDaisy//build/libdaisy.a(sai.o)
                0x00000000080070f0                daisy::SaiHandle::Init(daisy::SaiHandle::Config const&)
 .text._ZNK5daisy9SaiHandle9GetConfigEv
                0x00000000080072e0        0x4 ../../libDaisy//build/libdaisy.a(sai.o)
                0x00000000080072e0                daisy::SaiHandle::GetConfig() const
 .text._ZN5daisy9SaiHandle8StartDmaEPlS1_jPFvS1_S1_jE
                0x00000000080072e4       0xbc ../../libDaisy//build/libdaisy.a(sai.o)
                0x00000000080072e4                daisy::SaiHandle::StartDma(long*, long*, unsigned int, void (*)(long*, long*, unsigned int))
 .text._ZN5daisy9SaiHandle13GetSampleRateEv
                0x00000000080073a0       0x24 ../../libDaisy//build/libdaisy.a(sai.o)
                0x00000000080073a0                daisy::SaiHandle::GetSampleRate()
 .text._ZNK5daisy9SaiHandle9GetOffsetEv
                0x00000000080073c4        0x8 ../../libDaisy//build/libdaisy.a(sai.o)
                0x00000000080073c4                daisy::SaiHandle::GetOffset() const
 .text._ZN5daisy12SdmmcHandler4InitERKNS0_6ConfigE
                0x00000000080073cc       0x80 ../../libDaisy//build/libdaisy.a(sdmmc.o)
                0x00000000080073cc                daisy::SdmmcHandler::Init(daisy::SdmmcHandler::Config const&)
 .text.HAL_SD_MspInit
                0x000000000800744c       0xe4 ../../libDaisy//build/libdaisy.a(sdmmc.o)
                0x000000000800744c                HAL_SD_MspInit
 .text.SDMMC1_IRQHandler
                0x0000000008007530        0xc ../../libDaisy//build/libdaisy.a(sdmmc.o)
                0x0000000008007530                SDMMC1_IRQHandler
 .text._ZN5daisy9SpiHandle4Impl7InitDmaEv
                0x000000000800753c       0xec ../../libDaisy//build/libdaisy.a(spi.o)
                0x000000000800753c                daisy::SpiHandle::Impl::InitDma()
 .text._ZN5daisy9SpiHandle4Impl10StartDmaTxEPhjPFvPvEPFvS3_NS0_6ResultEES3_
                0x0000000008007628       0xc8 ../../libDaisy//build/libdaisy.a(spi.o)
                0x0000000008007628                daisy::SpiHandle::Impl::StartDmaTx(unsigned char*, unsigned int, void (*)(void*), void (*)(void*, daisy::SpiHandle::Result), void*)
 .text._ZN5daisy9SpiHandle4Impl10StartDmaRxEPhjPFvPvEPFvS3_NS0_6ResultEES3_
                0x00000000080076f0       0xc8 ../../libDaisy//build/libdaisy.a(spi.o)
                0x00000000080076f0                daisy::SpiHandle::Impl::StartDmaRx(unsigned char*, unsigned int, void (*)(void*), void (*)(void*, daisy::SpiHandle::Result), void*)
 .text._ZN5daisy9SpiHandle4Impl12StartDmaRxTxEPhS2_jPFvPvEPFvS3_NS0_6ResultEES3_
                0x00000000080077b8       0xcc ../../libDaisy//build/libdaisy.a(spi.o)
                0x00000000080077b8                daisy::SpiHandle::Impl::StartDmaRxTx(unsigned char*, unsigned char*, unsigned int, void (*)(void*), void (*)(void*, daisy::SpiHandle::Result), void*)
 .text._ZN5daisy9SpiHandle4Impl8InitPinsEv
                0x0000000008007884      0x274 ../../libDaisy//build/libdaisy.a(spi.o)
                0x0000000008007884                daisy::SpiHandle::Impl::InitPins()
 .text.HAL_SPI_MspInit
                0x0000000008007af8      0x1a8 ../../libDaisy//build/libdaisy.a(spi.o)
                0x0000000008007af8                HAL_SPI_MspInit
 .text.dsy_spi_global_init
                0x0000000008007ca0       0x80 ../../libDaisy//build/libdaisy.a(spi.o)
                0x0000000008007ca0                dsy_spi_global_init
 .text.SPI1_IRQHandler
                0x0000000008007d20        0xc ../../libDaisy//build/libdaisy.a(spi.o)
                0x0000000008007d20                SPI1_IRQHandler
 .text.SPI2_IRQHandler
                0x0000000008007d2c        0xc ../../libDaisy//build/libdaisy.a(spi.o)
                0x0000000008007d2c                SPI2_IRQHandler
 .text.SPI3_IRQHandler
                0x0000000008007d38        0xc ../../libDaisy//build/libdaisy.a(spi.o)
                0x0000000008007d38                SPI3_IRQHandler
 .text.SPI4_IRQHandler
                0x0000000008007d44        0xc ../../libDaisy//build/libdaisy.a(spi.o)
                0x0000000008007d44                SPI4_IRQHandler
 .text.SPI5_IRQHandler
                0x0000000008007d50        0xc ../../libDaisy//build/libdaisy.a(spi.o)
                0x0000000008007d50                SPI5_IRQHandler
 .text.DMA2_Stream2_IRQHandler
                0x0000000008007d5c       0x34 ../../libDaisy//build/libdaisy.a(spi.o)
                0x0000000008007d5c                DMA2_Stream2_IRQHandler
 .text.DMA2_Stream3_IRQHandler
                0x0000000008007d90       0x38 ../../libDaisy//build/libdaisy.a(spi.o)
                0x0000000008007d90                DMA2_Stream3_IRQHandler
 .text.HAL_SPI_TxCpltCallback
                0x0000000008007dc8       0xc4 ../../libDaisy//build/libdaisy.a(spi.o)
                0x0000000008007dc8                HAL_SPI_TxCpltCallback
 .text.HAL_SPI_RxCpltCallback
                0x0000000008007e8c       0xc4 ../../libDaisy//build/libdaisy.a(spi.o)
                0x0000000008007e8c                HAL_SPI_RxCpltCallback
 .text.HAL_SPI_TxRxCpltCallback
                0x0000000008007f50       0xc4 ../../libDaisy//build/libdaisy.a(spi.o)
                0x0000000008007f50                HAL_SPI_TxRxCpltCallback
 .text.HAL_SPI_ErrorCallback
                0x0000000008008014       0xc8 ../../libDaisy//build/libdaisy.a(spi.o)
                0x0000000008008014                HAL_SPI_ErrorCallback
 .text._ZN5daisy9SpiHandle4InitERKNS0_6ConfigE
                0x00000000080080dc      0x10c ../../libDaisy//build/libdaisy.a(spi.o)
                0x00000000080080dc                daisy::SpiHandle::Init(daisy::SpiHandle::Config const&)
 .text._ZN5daisy9SpiHandle16BlockingTransmitEPhjm
                0x00000000080081e8       0x14 ../../libDaisy//build/libdaisy.a(spi.o)
                0x00000000080081e8                daisy::SpiHandle::BlockingTransmit(unsigned char*, unsigned int, unsigned long)
 .text._ZN5daisy9SpiHandle15BlockingReceiveEPhtm
                0x00000000080081fc       0x14 ../../libDaisy//build/libdaisy.a(spi.o)
                0x00000000080081fc                daisy::SpiHandle::BlockingReceive(unsigned char*, unsigned short, unsigned long)
 .text.startup._GLOBAL__sub_I__Z19MapInstanceToHandleP11SPI_TypeDef
                0x0000000008008210      0x1b0 ../../libDaisy//build/libdaisy.a(spi.o)
 .text._ZN5daisy14FatFSInterface4InitEh
                0x00000000080083c0       0x48 ../../libDaisy//build/libdaisy.a(fatfs.o)
                0x00000000080083c0                daisy::FatFSInterface::Init(unsigned char)
 .text.get_fattime
                0x0000000008008408        0x4 ../../libDaisy//build/libdaisy.a(fatfs.o)
                0x0000000008008408                get_fattime
 .text.SysTick_Handler
                0x000000000800840c       0x10 ../../libDaisy//build/libdaisy.a(system.o)
                0x000000000800840c                SysTick_Handler
 .text.OTG_HS_EP1_OUT_IRQHandler
                0x000000000800841c       0x24 ../../libDaisy//build/libdaisy.a(system.o)
                0x000000000800841c                OTG_HS_EP1_OUT_IRQHandler
 .text.OTG_HS_EP1_IN_IRQHandler
                0x0000000008008440       0x24 ../../libDaisy//build/libdaisy.a(system.o)
                0x0000000008008440                OTG_HS_EP1_IN_IRQHandler
 .text.OTG_HS_IRQHandler
                0x0000000008008464       0x24 ../../libDaisy//build/libdaisy.a(system.o)
                0x0000000008008464                OTG_HS_IRQHandler
 .text.HardFault_Handler
                0x0000000008008488       0xe0 ../../libDaisy//build/libdaisy.a(system.o)
                0x0000000008008488                HardFault_Handler
 .text._ZN5daisy6System6GetNowEv
                0x0000000008008568        0x4 ../../libDaisy//build/libdaisy.a(system.o)
                0x0000000008008568                daisy::System::GetNow()
 .text._ZN5daisy6System5DelayEm
                0x000000000800856c        0x4 ../../libDaisy//build/libdaisy.a(system.o)
                0x000000000800856c                daisy::System::Delay(unsigned long)
 .text._ZN5daisy6System10DelayTicksEm
                0x0000000008008570        0xc ../../libDaisy//build/libdaisy.a(system.o)
                0x0000000008008570                daisy::System::DelayTicks(unsigned long)
 .text._ZN5daisy6System15ConfigureClocksEv
                0x000000000800857c      0x194 ../../libDaisy//build/libdaisy.a(system.o)
                0x000000000800857c                daisy::System::ConfigureClocks()
 .text._ZN5daisy6System4InitERKNS0_6ConfigE
                0x0000000008008710      0x140 ../../libDaisy//build/libdaisy.a(system.o)
                0x0000000008008710                daisy::System::Init(daisy::System::Config const&)
 .text._ZN5daisy6System12GetPClk1FreqEv
                0x0000000008008850        0x4 ../../libDaisy//build/libdaisy.a(system.o)
                0x0000000008008850                daisy::System::GetPClk1Freq()
 .text._ZN5daisy6System22GetProgramMemoryRegionEv
                0x0000000008008854       0x78 ../../libDaisy//build/libdaisy.a(system.o)
                0x0000000008008854                daisy::System::GetProgramMemoryRegion()
 .text.startup._GLOBAL__sub_I_SysTick_Handler
                0x00000000080088cc       0x1c ../../libDaisy//build/libdaisy.a(system.o)
 .text.SystemInit
                0x00000000080088e8       0x9c ../../libDaisy//build/libdaisy.a(system_stm32h7xx.o)
                0x00000000080088e8                SystemInit
 .text.HAL_PCD_SetupStageCallback
                0x0000000008008984        0xc ../../libDaisy//build/libdaisy.a(usbd_conf.o)
                0x0000000008008984                HAL_PCD_SetupStageCallback
 .text.HAL_PCD_DataOutStageCallback
                0x0000000008008990       0x14 ../../libDaisy//build/libdaisy.a(usbd_conf.o)
                0x0000000008008990                HAL_PCD_DataOutStageCallback
 .text.HAL_PCD_DataInStageCallback
                0x00000000080089a4       0x14 ../../libDaisy//build/libdaisy.a(usbd_conf.o)
                0x00000000080089a4                HAL_PCD_DataInStageCallback
 .text.HAL_PCD_SOFCallback
                0x00000000080089b8        0x8 ../../libDaisy//build/libdaisy.a(usbd_conf.o)
                0x00000000080089b8                HAL_PCD_SOFCallback
 .text.HAL_PCD_ResetCallback
                0x00000000080089c0       0x24 ../../libDaisy//build/libdaisy.a(usbd_conf.o)
                0x00000000080089c0                HAL_PCD_ResetCallback
 .text.HAL_PCD_SuspendCallback
                0x00000000080089e4       0x30 ../../libDaisy//build/libdaisy.a(usbd_conf.o)
                0x00000000080089e4                HAL_PCD_SuspendCallback
 .text.HAL_PCD_ResumeCallback
                0x0000000008008a14        0x8 ../../libDaisy//build/libdaisy.a(usbd_conf.o)
                0x0000000008008a14                HAL_PCD_ResumeCallback
 .text.HAL_PCD_ISOOUTIncompleteCallback
                0x0000000008008a1c        0x8 ../../libDaisy//build/libdaisy.a(usbd_conf.o)
                0x0000000008008a1c                HAL_PCD_ISOOUTIncompleteCallback
 .text.HAL_PCD_ISOINIncompleteCallback
                0x0000000008008a24        0x8 ../../libDaisy//build/libdaisy.a(usbd_conf.o)
                0x0000000008008a24                HAL_PCD_ISOINIncompleteCallback
 .text.HAL_PCD_ConnectCallback
                0x0000000008008a2c        0x8 ../../libDaisy//build/libdaisy.a(usbd_conf.o)
                0x0000000008008a2c                HAL_PCD_ConnectCallback
 .text.HAL_PCD_DisconnectCallback
                0x0000000008008a34        0x8 ../../libDaisy//build/libdaisy.a(usbd_conf.o)
                0x0000000008008a34                HAL_PCD_DisconnectCallback
 .text.USBD_LL_OpenEP
                0x0000000008008a3c       0x24 ../../libDaisy//build/libdaisy.a(usbd_conf.o)
                0x0000000008008a3c                USBD_LL_OpenEP
 .text.USBD_LL_StallEP
                0x0000000008008a60       0x1c ../../libDaisy//build/libdaisy.a(usbd_conf.o)
                0x0000000008008a60                USBD_LL_StallEP
 .text.USBD_LL_ClearStallEP
                0x0000000008008a7c       0x1c ../../libDaisy//build/libdaisy.a(usbd_conf.o)
                0x0000000008008a7c                USBD_LL_ClearStallEP
 .text.USBD_LL_IsStallEP
                0x0000000008008a98       0x28 ../../libDaisy//build/libdaisy.a(usbd_conf.o)
                0x0000000008008a98                USBD_LL_IsStallEP
 .text.USBD_LL_SetUSBAddress
                0x0000000008008ac0       0x1c ../../libDaisy//build/libdaisy.a(usbd_conf.o)
                0x0000000008008ac0                USBD_LL_SetUSBAddress
 .text.USBD_LL_Transmit
                0x0000000008008adc       0x1c ../../libDaisy//build/libdaisy.a(usbd_conf.o)
                0x0000000008008adc                USBD_LL_Transmit
 .text.USBD_LL_PrepareReceive
                0x0000000008008af8       0x1c ../../libDaisy//build/libdaisy.a(usbd_conf.o)
                0x0000000008008af8                USBD_LL_PrepareReceive
 .text.HAL_HCD_SOF_Callback
                0x0000000008008b14        0x8 ../../libDaisy//build/libdaisy.a(usbh_conf.o)
                0x0000000008008b14                HAL_HCD_SOF_Callback
 .text.HAL_HCD_Connect_Callback
                0x0000000008008b1c        0x8 ../../libDaisy//build/libdaisy.a(usbh_conf.o)
                0x0000000008008b1c                HAL_HCD_Connect_Callback
 .text.HAL_HCD_Disconnect_Callback
                0x0000000008008b24        0x8 ../../libDaisy//build/libdaisy.a(usbh_conf.o)
                0x0000000008008b24                HAL_HCD_Disconnect_Callback
 .text.HAL_HCD_HC_NotifyURBChange_Callback
                0x0000000008008b2c        0x4 ../../libDaisy//build/libdaisy.a(usbh_conf.o)
                0x0000000008008b2c                HAL_HCD_HC_NotifyURBChange_Callback
 .text.HAL_HCD_PortEnabled_Callback
                0x0000000008008b30        0x8 ../../libDaisy//build/libdaisy.a(usbh_conf.o)
                0x0000000008008b30                HAL_HCD_PortEnabled_Callback
 .text.HAL_HCD_PortDisabled_Callback
                0x0000000008008b38        0x8 ../../libDaisy//build/libdaisy.a(usbh_conf.o)
                0x0000000008008b38                HAL_HCD_PortDisabled_Callback
 .text.USBH_LL_Stop
                0x0000000008008b40       0x1c ../../libDaisy//build/libdaisy.a(usbh_conf.o)
                0x0000000008008b40                USBH_LL_Stop
 .text.USBH_LL_GetLastXferSize
                0x0000000008008b5c        0x8 ../../libDaisy//build/libdaisy.a(usbh_conf.o)
                0x0000000008008b5c                USBH_LL_GetLastXferSize
 .text.USBH_LL_SubmitURB
                0x0000000008008b64       0x38 ../../libDaisy//build/libdaisy.a(usbh_conf.o)
                0x0000000008008b64                USBH_LL_SubmitURB
 .text.USBH_LL_GetURBState
                0x0000000008008b9c        0x8 ../../libDaisy//build/libdaisy.a(usbh_conf.o)
                0x0000000008008b9c                USBH_LL_GetURBState
 .text.USBH_LL_SetToggle
                0x0000000008008ba4       0x24 ../../libDaisy//build/libdaisy.a(usbh_conf.o)
                0x0000000008008ba4                USBH_LL_SetToggle
 .text.USBH_LL_GetToggle
                0x0000000008008bc8       0x20 ../../libDaisy//build/libdaisy.a(usbh_conf.o)
                0x0000000008008bc8                USBH_LL_GetToggle
 .text.dsy_hal_map_get_port
                0x0000000008008be8       0x10 ../../libDaisy//build/libdaisy.a(hal_map.o)
                0x0000000008008be8                dsy_hal_map_get_port
 .text.dsy_hal_map_get_pin
                0x0000000008008bf8       0x10 ../../libDaisy//build/libdaisy.a(hal_map.o)
                0x0000000008008bf8                dsy_hal_map_get_pin
 .text.dsy_hal_map_gpio_clk_enable
                0x0000000008008c08      0x150 ../../libDaisy//build/libdaisy.a(hal_map.o)
                0x0000000008008c08                dsy_hal_map_gpio_clk_enable
 .text.SD_initialize
                0x0000000008008d58       0x30 ../../libDaisy//build/libdaisy.a(sd_diskio.o)
                0x0000000008008d58                SD_initialize
 .text.SD_status
                0x0000000008008d88       0x20 ../../libDaisy//build/libdaisy.a(sd_diskio.o)
                0x0000000008008d88                SD_status
 .text.SD_read  0x0000000008008da8       0xcc ../../libDaisy//build/libdaisy.a(sd_diskio.o)
                0x0000000008008da8                SD_read
 .text.SD_write
                0x0000000008008e74       0xa4 ../../libDaisy//build/libdaisy.a(sd_diskio.o)
                0x0000000008008e74                SD_write
 .text.SD_ioctl
                0x0000000008008f18       0x68 ../../libDaisy//build/libdaisy.a(sd_diskio.o)
                0x0000000008008f18                SD_ioctl
 .text.BSP_SD_WriteCpltCallback
                0x0000000008008f80        0xc ../../libDaisy//build/libdaisy.a(sd_diskio.o)
                0x0000000008008f80                BSP_SD_WriteCpltCallback
 .text.BSP_SD_ReadCpltCallback
                0x0000000008008f8c        0xc ../../libDaisy//build/libdaisy.a(sd_diskio.o)
                0x0000000008008f8c                BSP_SD_ReadCpltCallback
 .text.USBH_initialize
                0x0000000008008f98        0x4 ../../libDaisy//build/libdaisy.a(usbh_diskio.o)
                0x0000000008008f98                USBH_initialize
 .text.USBH_status
                0x0000000008008f9c       0x18 ../../libDaisy//build/libdaisy.a(usbh_diskio.o)
                0x0000000008008f9c                USBH_status
 .text.USBH_read
                0x0000000008008fb4      0x14c ../../libDaisy//build/libdaisy.a(usbh_diskio.o)
                0x0000000008008fb4                USBH_read
 .text.USBH_write
                0x0000000008009100      0x104 ../../libDaisy//build/libdaisy.a(usbh_diskio.o)
                0x0000000008009100                USBH_write
 .text.USBH_ioctl
                0x0000000008009204       0x68 ../../libDaisy//build/libdaisy.a(usbh_diskio.o)
                0x0000000008009204                USBH_ioctl
 .text.HAL_MspInit
                0x000000000800926c        0x4 ../../libDaisy//build/libdaisy.a(stm32h7xx_hal.o)
                0x000000000800926c                HAL_MspInit
 .text.HAL_InitTick
                0x0000000008009270       0x4c ../../libDaisy//build/libdaisy.a(stm32h7xx_hal.o)
                0x0000000008009270                HAL_InitTick
 .text.HAL_Init
                0x00000000080092bc       0x60 ../../libDaisy//build/libdaisy.a(stm32h7xx_hal.o)
                0x00000000080092bc                HAL_Init
 .text.HAL_IncTick
                0x000000000800931c       0x18 ../../libDaisy//build/libdaisy.a(stm32h7xx_hal.o)
                0x000000000800931c                HAL_IncTick
 .text.HAL_GetTick
                0x0000000008009334        0xc ../../libDaisy//build/libdaisy.a(stm32h7xx_hal.o)
                0x0000000008009334                HAL_GetTick
 .text.HAL_Delay
                0x0000000008009340       0x24 ../../libDaisy//build/libdaisy.a(stm32h7xx_hal.o)
                0x0000000008009340                HAL_Delay
 .text.HAL_GetREVID
                0x0000000008009364        0xc ../../libDaisy//build/libdaisy.a(stm32h7xx_hal.o)
                0x0000000008009364                HAL_GetREVID
 .text.HAL_ADC_ConvHalfCpltCallback
                0x0000000008009370        0x4 ../../libDaisy//build/libdaisy.a(stm32h7xx_hal_adc.o)
                0x0000000008009370                HAL_ADC_ConvHalfCpltCallback
 .text.ADC_DMAHalfConvCplt
                0x0000000008009374        0xc ../../libDaisy//build/libdaisy.a(stm32h7xx_hal_adc.o)
                0x0000000008009374                ADC_DMAHalfConvCplt
 .text.ADC_DMAConvCplt
                0x0000000008009380       0x6c ../../libDaisy//build/libdaisy.a(stm32h7xx_hal_adc.o)
                0x0000000008009380                ADC_DMAConvCplt
 .text.ADC_DMAError
                0x00000000080093ec       0x1c ../../libDaisy//build/libdaisy.a(stm32h7xx_hal_adc.o)
                0x00000000080093ec                ADC_DMAError
 .text.HAL_ADC_ConfigChannel
                0x0000000008009408      0x3fc ../../libDaisy//build/libdaisy.a(stm32h7xx_hal_adc.o)
                0x0000000008009408                HAL_ADC_ConfigChannel
 .text.ADC_Enable
                0x0000000008009804       0xac ../../libDaisy//build/libdaisy.a(stm32h7xx_hal_adc.o)
                0x0000000008009804                ADC_Enable
 .text.HAL_ADC_Start_DMA
                0x00000000080098b0      0x114 ../../libDaisy//build/libdaisy.a(stm32h7xx_hal_adc.o)
                0x00000000080098b0                HAL_ADC_Start_DMA
 .text.ADC_Disable
                0x00000000080099c4       0x68 ../../libDaisy//build/libdaisy.a(stm32h7xx_hal_adc.o)
                0x00000000080099c4                ADC_Disable
 .text.ADC_ConfigureBoostMode
                0x0000000008009a2c      0x184 ../../libDaisy//build/libdaisy.a(stm32h7xx_hal_adc.o)
                0x0000000008009a2c                ADC_ConfigureBoostMode
 .text.HAL_ADC_Init
                0x0000000008009bb0      0x218 ../../libDaisy//build/libdaisy.a(stm32h7xx_hal_adc.o)
                0x0000000008009bb0                HAL_ADC_Init
 .text.HAL_ADCEx_Calibration_Start
                0x0000000008009dc8       0xa4 ../../libDaisy//build/libdaisy.a(stm32h7xx_hal_adc_ex.o)
                0x0000000008009dc8                HAL_ADCEx_Calibration_Start
 .text.HAL_ADCEx_MultiModeConfigChannel
                0x0000000008009e6c       0xc4 ../../libDaisy//build/libdaisy.a(stm32h7xx_hal_adc_ex.o)
                0x0000000008009e6c                HAL_ADCEx_MultiModeConfigChannel
 .text.HAL_NVIC_SetPriorityGrouping
                0x0000000008009f30       0x24 ../../libDaisy//build/libdaisy.a(stm32h7xx_hal_cortex.o)
                0x0000000008009f30                HAL_NVIC_SetPriorityGrouping
 .text.HAL_NVIC_SetPriority
                0x0000000008009f54       0x7c ../../libDaisy//build/libdaisy.a(stm32h7xx_hal_cortex.o)
                0x0000000008009f54                HAL_NVIC_SetPriority
 .text.HAL_NVIC_EnableIRQ
                0x0000000008009fd0       0x1c ../../libDaisy//build/libdaisy.a(stm32h7xx_hal_cortex.o)
                0x0000000008009fd0                HAL_NVIC_EnableIRQ
 .text.HAL_NVIC_DisableIRQ
                0x0000000008009fec       0x28 ../../libDaisy//build/libdaisy.a(stm32h7xx_hal_cortex.o)
                0x0000000008009fec                HAL_NVIC_DisableIRQ
 .text.HAL_SYSTICK_Config
                0x000000000800a014       0x2c ../../libDaisy//build/libdaisy.a(stm32h7xx_hal_cortex.o)
                0x000000000800a014                HAL_SYSTICK_Config
 .text.HAL_MPU_Disable
                0x000000000800a040       0x1c ../../libDaisy//build/libdaisy.a(stm32h7xx_hal_cortex.o)
                0x000000000800a040                HAL_MPU_Disable
 .text.HAL_MPU_Enable
                0x000000000800a05c       0x20 ../../libDaisy//build/libdaisy.a(stm32h7xx_hal_cortex.o)
                0x000000000800a05c                HAL_MPU_Enable
 .text.HAL_MPU_ConfigRegion
                0x000000000800a07c       0x64 ../../libDaisy//build/libdaisy.a(stm32h7xx_hal_cortex.o)
                0x000000000800a07c                HAL_MPU_ConfigRegion
 .text.HAL_SYSTICK_Callback
                0x000000000800a0e0        0x4 ../../libDaisy//build/libdaisy.a(stm32h7xx_hal_cortex.o)
                0x000000000800a0e0                HAL_SYSTICK_Callback
 .text.HAL_SYSTICK_IRQHandler
                0x000000000800a0e4        0x8 ../../libDaisy//build/libdaisy.a(stm32h7xx_hal_cortex.o)
                0x000000000800a0e4                HAL_SYSTICK_IRQHandler
 .text.DMA_CalcBaseAndBitshift
                0x000000000800a0ec       0xf4 ../../libDaisy//build/libdaisy.a(stm32h7xx_hal_dma.o)
 .text.DMA_CalcDMAMUXChannelBaseAndMask
                0x000000000800a1e0       0xd8 ../../libDaisy//build/libdaisy.a(stm32h7xx_hal_dma.o)
 .text.HAL_DMA_Init
                0x000000000800a2b8      0x37c ../../libDaisy//build/libdaisy.a(stm32h7xx_hal_dma.o)
                0x000000000800a2b8                HAL_DMA_Init
 .text.HAL_DMA_Start_IT
                0x000000000800a634      0x240 ../../libDaisy//build/libdaisy.a(stm32h7xx_hal_dma.o)
                0x000000000800a634                HAL_DMA_Start_IT
 .text.HAL_DMA_Abort_IT
                0x000000000800a874      0x134 ../../libDaisy//build/libdaisy.a(stm32h7xx_hal_dma.o)
                0x000000000800a874                HAL_DMA_Abort_IT
 .text.HAL_DMA_IRQHandler
                0x000000000800a9a8      0x6a0 ../../libDaisy//build/libdaisy.a(stm32h7xx_hal_dma.o)
                0x000000000800a9a8                HAL_DMA_IRQHandler
 .text.HAL_DMA_GetError
                0x000000000800b048        0x4 ../../libDaisy//build/libdaisy.a(stm32h7xx_hal_dma.o)
                0x000000000800b048                HAL_DMA_GetError
 .text.HAL_GPIO_Init
                0x000000000800b04c      0x280 ../../libDaisy//build/libdaisy.a(stm32h7xx_hal_gpio.o)
                0x000000000800b04c                HAL_GPIO_Init
 .text.HAL_GPIO_DeInit
                0x000000000800b2cc      0x190 ../../libDaisy//build/libdaisy.a(stm32h7xx_hal_gpio.o)
                0x000000000800b2cc                HAL_GPIO_DeInit
 .text.HAL_GPIO_ReadPin
                0x000000000800b45c        0xc ../../libDaisy//build/libdaisy.a(stm32h7xx_hal_gpio.o)
                0x000000000800b45c                HAL_GPIO_ReadPin
 .text.HAL_GPIO_WritePin
                0x000000000800b468        0x8 ../../libDaisy//build/libdaisy.a(stm32h7xx_hal_gpio.o)
                0x000000000800b468                HAL_GPIO_WritePin
 .text.HAL_HCD_HC_SubmitRequest
                0x000000000800b470       0xd0 ../../libDaisy//build/libdaisy.a(stm32h7xx_hal_hcd.o)
                0x000000000800b470                HAL_HCD_HC_SubmitRequest
 .text.HAL_HCD_IRQHandler
                0x000000000800b540      0x780 ../../libDaisy//build/libdaisy.a(stm32h7xx_hal_hcd.o)
                0x000000000800b540                HAL_HCD_IRQHandler
 .text.HAL_HCD_Stop
                0x000000000800bcc0       0x28 ../../libDaisy//build/libdaisy.a(stm32h7xx_hal_hcd.o)
                0x000000000800bcc0                HAL_HCD_Stop
 .text.HAL_HCD_HC_GetURBState
                0x000000000800bce8       0x10 ../../libDaisy//build/libdaisy.a(stm32h7xx_hal_hcd.o)
                0x000000000800bce8                HAL_HCD_HC_GetURBState
 .text.HAL_HCD_HC_GetXferCount
                0x000000000800bcf8        0xc ../../libDaisy//build/libdaisy.a(stm32h7xx_hal_hcd.o)
                0x000000000800bcf8                HAL_HCD_HC_GetXferCount
 .text.I2C_WaitOnTXISFlagUntilTimeout
                0x000000000800bd04       0xb8 ../../libDaisy//build/libdaisy.a(stm32h7xx_hal_i2c.o)
 .text.I2C_WaitOnSTOPFlagUntilTimeout
                0x000000000800bdbc       0xac ../../libDaisy//build/libdaisy.a(stm32h7xx_hal_i2c.o)
 .text.HAL_I2C_Init
                0x000000000800be68       0xac ../../libDaisy//build/libdaisy.a(stm32h7xx_hal_i2c.o)
                0x000000000800be68                HAL_I2C_Init
 .text.HAL_I2C_Master_Transmit
                0x000000000800bf14      0x1a8 ../../libDaisy//build/libdaisy.a(stm32h7xx_hal_i2c.o)
                0x000000000800bf14                HAL_I2C_Master_Transmit
 .text.HAL_I2C_Slave_Transmit
                0x000000000800c0bc      0x1c8 ../../libDaisy//build/libdaisy.a(stm32h7xx_hal_i2c.o)
                0x000000000800c0bc                HAL_I2C_Slave_Transmit
 .text.HAL_I2C_EV_IRQHandler
                0x000000000800c284       0x10 ../../libDaisy//build/libdaisy.a(stm32h7xx_hal_i2c.o)
                0x000000000800c284                HAL_I2C_EV_IRQHandler
 .text.HAL_I2C_GetState
                0x000000000800c294        0x8 ../../libDaisy//build/libdaisy.a(stm32h7xx_hal_i2c.o)
                0x000000000800c294                HAL_I2C_GetState
 .text.HAL_I2CEx_ConfigAnalogFilter
                0x000000000800c29c       0x54 ../../libDaisy//build/libdaisy.a(stm32h7xx_hal_i2c_ex.o)
                0x000000000800c29c                HAL_I2CEx_ConfigAnalogFilter
 .text.HAL_I2CEx_ConfigDigitalFilter
                0x000000000800c2f0       0x58 ../../libDaisy//build/libdaisy.a(stm32h7xx_hal_i2c_ex.o)
                0x000000000800c2f0                HAL_I2CEx_ConfigDigitalFilter
 .text.HAL_PCD_IRQHandler
                0x000000000800c348      0x69c ../../libDaisy//build/libdaisy.a(stm32h7xx_hal_pcd.o)
                0x000000000800c348                HAL_PCD_IRQHandler
 .text.HAL_PCD_SetAddress
                0x000000000800c9e4       0x2c ../../libDaisy//build/libdaisy.a(stm32h7xx_hal_pcd.o)
                0x000000000800c9e4                HAL_PCD_SetAddress
 .text.HAL_PCD_EP_Open
                0x000000000800ca10       0x7c ../../libDaisy//build/libdaisy.a(stm32h7xx_hal_pcd.o)
                0x000000000800ca10                HAL_PCD_EP_Open
 .text.HAL_PCD_EP_Receive
                0x000000000800ca8c       0x50 ../../libDaisy//build/libdaisy.a(stm32h7xx_hal_pcd.o)
                0x000000000800ca8c                HAL_PCD_EP_Receive
 .text.HAL_PCD_EP_Transmit
                0x000000000800cadc       0x50 ../../libDaisy//build/libdaisy.a(stm32h7xx_hal_pcd.o)
                0x000000000800cadc                HAL_PCD_EP_Transmit
 .text.HAL_PCD_EP_SetStall
                0x000000000800cb2c       0x88 ../../libDaisy//build/libdaisy.a(stm32h7xx_hal_pcd.o)
                0x000000000800cb2c                HAL_PCD_EP_SetStall
 .text.HAL_PCD_EP_ClrStall
                0x000000000800cbb4       0x78 ../../libDaisy//build/libdaisy.a(stm32h7xx_hal_pcd.o)
                0x000000000800cbb4                HAL_PCD_EP_ClrStall
 .text.HAL_PCDEx_LPM_Callback
                0x000000000800cc2c        0x4 ../../libDaisy//build/libdaisy.a(stm32h7xx_hal_pcd_ex.o)
                0x000000000800cc2c                HAL_PCDEx_LPM_Callback
 .text.HAL_PWREx_ConfigSupply
                0x000000000800cc30       0x4c ../../libDaisy//build/libdaisy.a(stm32h7xx_hal_pwr_ex.o)
                0x000000000800cc30                HAL_PWREx_ConfigSupply
 .text.HAL_PWREx_EnableUSBVoltageDetector
                0x000000000800cc7c       0x10 ../../libDaisy//build/libdaisy.a(stm32h7xx_hal_pwr_ex.o)
                0x000000000800cc7c                HAL_PWREx_EnableUSBVoltageDetector
 .text.QSPI_Config
                0x000000000800cc8c      0x174 ../../libDaisy//build/libdaisy.a(stm32h7xx_hal_qspi.o)
 .text.HAL_QSPI_Init
                0x000000000800ce00       0xd8 ../../libDaisy//build/libdaisy.a(stm32h7xx_hal_qspi.o)
                0x000000000800ce00                HAL_QSPI_Init
 .text.HAL_QSPI_DeInit
                0x000000000800ced8       0x3c ../../libDaisy//build/libdaisy.a(stm32h7xx_hal_qspi.o)
                0x000000000800ced8                HAL_QSPI_DeInit
 .text.HAL_QSPI_Command
                0x000000000800cf14       0xd4 ../../libDaisy//build/libdaisy.a(stm32h7xx_hal_qspi.o)
                0x000000000800cf14                HAL_QSPI_Command
 .text.HAL_QSPI_Transmit
                0x000000000800cfe8       0xfc ../../libDaisy//build/libdaisy.a(stm32h7xx_hal_qspi.o)
                0x000000000800cfe8                HAL_QSPI_Transmit
 .text.HAL_QSPI_Receive
                0x000000000800d0e4      0x108 ../../libDaisy//build/libdaisy.a(stm32h7xx_hal_qspi.o)
                0x000000000800d0e4                HAL_QSPI_Receive
 .text.HAL_QSPI_AutoPolling
                0x000000000800d1ec       0xf0 ../../libDaisy//build/libdaisy.a(stm32h7xx_hal_qspi.o)
                0x000000000800d1ec                HAL_QSPI_AutoPolling
 .text.HAL_QSPI_MemoryMapped
                0x000000000800d2dc       0xc0 ../../libDaisy//build/libdaisy.a(stm32h7xx_hal_qspi.o)
                0x000000000800d2dc                HAL_QSPI_MemoryMapped
 .text.HAL_QSPI_ErrorCallback
                0x000000000800d39c        0x4 ../../libDaisy//build/libdaisy.a(stm32h7xx_hal_qspi.o)
                0x000000000800d39c                HAL_QSPI_ErrorCallback
 .text.QSPI_DMAAbortCplt
                0x000000000800d3a0       0x38 ../../libDaisy//build/libdaisy.a(stm32h7xx_hal_qspi.o)
 .text.HAL_QSPI_AbortCpltCallback
                0x000000000800d3d8        0x4 ../../libDaisy//build/libdaisy.a(stm32h7xx_hal_qspi.o)
                0x000000000800d3d8                HAL_QSPI_AbortCpltCallback
 .text.HAL_QSPI_CmdCpltCallback
                0x000000000800d3dc        0x4 ../../libDaisy//build/libdaisy.a(stm32h7xx_hal_qspi.o)
                0x000000000800d3dc                HAL_QSPI_CmdCpltCallback
 .text.HAL_QSPI_RxCpltCallback
                0x000000000800d3e0        0x4 ../../libDaisy//build/libdaisy.a(stm32h7xx_hal_qspi.o)
                0x000000000800d3e0                HAL_QSPI_RxCpltCallback
 .text.HAL_QSPI_TxCpltCallback
                0x000000000800d3e4        0x4 ../../libDaisy//build/libdaisy.a(stm32h7xx_hal_qspi.o)
                0x000000000800d3e4                HAL_QSPI_TxCpltCallback
 .text.HAL_QSPI_FifoThresholdCallback
                0x000000000800d3e8        0x4 ../../libDaisy//build/libdaisy.a(stm32h7xx_hal_qspi.o)
                0x000000000800d3e8                HAL_QSPI_FifoThresholdCallback
 .text.HAL_QSPI_StatusMatchCallback
                0x000000000800d3ec        0x4 ../../libDaisy//build/libdaisy.a(stm32h7xx_hal_qspi.o)
                0x000000000800d3ec                HAL_QSPI_StatusMatchCallback
 .text.HAL_QSPI_TimeOutCallback
                0x000000000800d3f0        0x4 ../../libDaisy//build/libdaisy.a(stm32h7xx_hal_qspi.o)
                0x000000000800d3f0                HAL_QSPI_TimeOutCallback
 .text.HAL_QSPI_IRQHandler
                0x000000000800d3f4      0x210 ../../libDaisy//build/libdaisy.a(stm32h7xx_hal_qspi.o)
                0x000000000800d3f4                HAL_QSPI_IRQHandler
 .text.HAL_RCC_OscConfig
                0x000000000800d604      0x51c ../../libDaisy//build/libdaisy.a(stm32h7xx_hal_rcc.o)
                0x000000000800d604                HAL_RCC_OscConfig
 .text.HAL_RCC_GetSysClockFreq
                0x000000000800db20      0x140 ../../libDaisy//build/libdaisy.a(stm32h7xx_hal_rcc.o)
                0x000000000800db20                HAL_RCC_GetSysClockFreq
 .text.HAL_RCC_ClockConfig
                0x000000000800dc60      0x234 ../../libDaisy//build/libdaisy.a(stm32h7xx_hal_rcc.o)
                0x000000000800dc60                HAL_RCC_ClockConfig
 .text.HAL_RCC_GetHCLKFreq
                0x000000000800de94       0x2c ../../libDaisy//build/libdaisy.a(stm32h7xx_hal_rcc.o)
                0x000000000800de94                HAL_RCC_GetHCLKFreq
 .text.HAL_RCC_GetPCLK1Freq
                0x000000000800dec0       0x38 ../../libDaisy//build/libdaisy.a(stm32h7xx_hal_rcc.o)
                0x000000000800dec0                HAL_RCC_GetPCLK1Freq
 .text.HAL_RCC_GetPCLK2Freq
                0x000000000800def8       0x38 ../../libDaisy//build/libdaisy.a(stm32h7xx_hal_rcc.o)
                0x000000000800def8                HAL_RCC_GetPCLK2Freq
 .text.RCCEx_PLL2_Config
                0x000000000800df30       0xf4 ../../libDaisy//build/libdaisy.a(stm32h7xx_hal_rcc_ex.o)
 .text.RCCEx_PLL3_Config
                0x000000000800e024       0xf4 ../../libDaisy//build/libdaisy.a(stm32h7xx_hal_rcc_ex.o)
 .text.HAL_RCCEx_PeriphCLKConfig
                0x000000000800e118      0xa7c ../../libDaisy//build/libdaisy.a(stm32h7xx_hal_rcc_ex.o)
                0x000000000800e118                HAL_RCCEx_PeriphCLKConfig
 .text.HAL_RCCEx_GetD3PCLK1Freq
                0x000000000800eb94       0x24 ../../libDaisy//build/libdaisy.a(stm32h7xx_hal_rcc_ex.o)
                0x000000000800eb94                HAL_RCCEx_GetD3PCLK1Freq
 .text.HAL_RCCEx_GetPLL2ClockFreq
                0x000000000800ebb8      0x17c ../../libDaisy//build/libdaisy.a(stm32h7xx_hal_rcc_ex.o)
                0x000000000800ebb8                HAL_RCCEx_GetPLL2ClockFreq
 .text.HAL_RCCEx_GetPLL3ClockFreq
                0x000000000800ed34      0x17c ../../libDaisy//build/libdaisy.a(stm32h7xx_hal_rcc_ex.o)
                0x000000000800ed34                HAL_RCCEx_GetPLL3ClockFreq
 .text.HAL_RCCEx_GetPLL1ClockFreq
                0x000000000800eeb0      0x17c ../../libDaisy//build/libdaisy.a(stm32h7xx_hal_rcc_ex.o)
                0x000000000800eeb0                HAL_RCCEx_GetPLL1ClockFreq
 .text.HAL_RCCEx_GetPeriphCLKFreq
                0x000000000800f02c      0x198 ../../libDaisy//build/libdaisy.a(stm32h7xx_hal_rcc_ex.o)
                0x000000000800f02c                HAL_RCCEx_GetPeriphCLKFreq
 .text.HAL_RCCEx_GetD1SysClockFreq
                0x000000000800f1c4       0x2c ../../libDaisy//build/libdaisy.a(stm32h7xx_hal_rcc_ex.o)
                0x000000000800f1c4                HAL_RCCEx_GetD1SysClockFreq
 .text.HAL_SAI_Init.part.0
                0x000000000800f1f0      0x348 ../../libDaisy//build/libdaisy.a(stm32h7xx_hal_sai.o)
 .text.HAL_SAI_InitProtocol
                0x000000000800f538      0x178 ../../libDaisy//build/libdaisy.a(stm32h7xx_hal_sai.o)
                0x000000000800f538                HAL_SAI_InitProtocol
 .text.HAL_SAI_Transmit_DMA
                0x000000000800f6b0      0x124 ../../libDaisy//build/libdaisy.a(stm32h7xx_hal_sai.o)
                0x000000000800f6b0                HAL_SAI_Transmit_DMA
 .text.HAL_SAI_Receive_DMA
                0x000000000800f7d4       0xd0 ../../libDaisy//build/libdaisy.a(stm32h7xx_hal_sai.o)
                0x000000000800f7d4                HAL_SAI_Receive_DMA
 .text.HAL_SAI_TxCpltCallback
                0x000000000800f8a4        0x4 ../../libDaisy//build/libdaisy.a(stm32h7xx_hal_sai.o)
                0x000000000800f8a4                HAL_SAI_TxCpltCallback
 .text.SAI_DMATxCplt
                0x000000000800f8a8       0x64 ../../libDaisy//build/libdaisy.a(stm32h7xx_hal_sai.o)
 .text.HAL_SAI_TxHalfCpltCallback
                0x000000000800f90c        0x4 ../../libDaisy//build/libdaisy.a(stm32h7xx_hal_sai.o)
                0x000000000800f90c                HAL_SAI_TxHalfCpltCallback
 .text.SAI_DMATxHalfCplt
                0x000000000800f910        0xc ../../libDaisy//build/libdaisy.a(stm32h7xx_hal_sai.o)
 .text.SAI_DMARxCplt
                0x000000000800f91c       0x64 ../../libDaisy//build/libdaisy.a(stm32h7xx_hal_sai.o)
 .text.SAI_DMARxHalfCplt
                0x000000000800f980        0xc ../../libDaisy//build/libdaisy.a(stm32h7xx_hal_sai.o)
 .text.HAL_SAI_ErrorCallback
                0x000000000800f98c        0x4 ../../libDaisy//build/libdaisy.a(stm32h7xx_hal_sai.o)
                0x000000000800f98c                HAL_SAI_ErrorCallback
 .text.SAI_DMAError
                0x000000000800f990       0x6c ../../libDaisy//build/libdaisy.a(stm32h7xx_hal_sai.o)
 .text.SD_FindSCR
                0x000000000800f9fc       0xe4 ../../libDaisy//build/libdaisy.a(stm32h7xx_hal_sd.o)
 .text.SD_HighSpeed
                0x000000000800fae0      0x114 ../../libDaisy//build/libdaisy.a(stm32h7xx_hal_sd.o)
 .text.HAL_SD_ReadBlocks_DMA
                0x000000000800fbf4      0x114 ../../libDaisy//build/libdaisy.a(stm32h7xx_hal_sd.o)
                0x000000000800fbf4                HAL_SD_ReadBlocks_DMA
 .text.HAL_SD_WriteBlocks_DMA
                0x000000000800fd08      0x108 ../../libDaisy//build/libdaisy.a(stm32h7xx_hal_sd.o)
                0x000000000800fd08                HAL_SD_WriteBlocks_DMA
 .text.HAL_SD_ErrorCallback
                0x000000000800fe10        0x4 ../../libDaisy//build/libdaisy.a(stm32h7xx_hal_sd.o)
                0x000000000800fe10                HAL_SD_ErrorCallback
 .text.HAL_SD_GetCardCSD
                0x000000000800fe14      0x17c ../../libDaisy//build/libdaisy.a(stm32h7xx_hal_sd.o)
                0x000000000800fe14                HAL_SD_GetCardCSD
 .text.HAL_SD_InitCard
                0x000000000800ff90      0x1f4 ../../libDaisy//build/libdaisy.a(stm32h7xx_hal_sd.o)
                0x000000000800ff90                HAL_SD_InitCard
 .text.HAL_SD_GetCardStatus
                0x0000000008010184      0x178 ../../libDaisy//build/libdaisy.a(stm32h7xx_hal_sd.o)
                0x0000000008010184                HAL_SD_GetCardStatus
 .text.HAL_SD_GetCardInfo
                0x00000000080102fc       0x28 ../../libDaisy//build/libdaisy.a(stm32h7xx_hal_sd.o)
                0x00000000080102fc                HAL_SD_GetCardInfo
 .text.HAL_SD_ConfigWideBusOperation
                0x0000000008010324      0x12c ../../libDaisy//build/libdaisy.a(stm32h7xx_hal_sd.o)
                0x0000000008010324                HAL_SD_ConfigWideBusOperation
 .text.HAL_SD_Init
                0x0000000008010450       0xc8 ../../libDaisy//build/libdaisy.a(stm32h7xx_hal_sd.o)
                0x0000000008010450                HAL_SD_Init
 .text.HAL_SD_ConfigSpeedBusOperation
                0x0000000008010518       0xc0 ../../libDaisy//build/libdaisy.a(stm32h7xx_hal_sd.o)
                0x0000000008010518                HAL_SD_ConfigSpeedBusOperation
 .text.HAL_SD_GetCardState
                0x00000000080105d8       0x28 ../../libDaisy//build/libdaisy.a(stm32h7xx_hal_sd.o)
                0x00000000080105d8                HAL_SD_GetCardState
 .text.HAL_SDEx_Read_DMADoubleBuf0CpltCallback
                0x0000000008010600        0x4 ../../libDaisy//build/libdaisy.a(stm32h7xx_hal_sd.o)
                0x0000000008010600                HAL_SDEx_Read_DMADoubleBuf0CpltCallback
 .text.HAL_SDEx_Read_DMADoubleBuf1CpltCallback
                0x0000000008010604        0x4 ../../libDaisy//build/libdaisy.a(stm32h7xx_hal_sd.o)
                0x0000000008010604                HAL_SDEx_Read_DMADoubleBuf1CpltCallback
 .text.HAL_SDEx_Write_DMADoubleBuf0CpltCallback
                0x0000000008010608        0x4 ../../libDaisy//build/libdaisy.a(stm32h7xx_hal_sd.o)
                0x0000000008010608                HAL_SDEx_Write_DMADoubleBuf0CpltCallback
 .text.HAL_SDEx_Write_DMADoubleBuf1CpltCallback
                0x000000000801060c        0x4 ../../libDaisy//build/libdaisy.a(stm32h7xx_hal_sd.o)
                0x000000000801060c                HAL_SDEx_Write_DMADoubleBuf1CpltCallback
 .text.HAL_SD_IRQHandler
                0x0000000008010610      0x248 ../../libDaisy//build/libdaisy.a(stm32h7xx_hal_sd.o)
                0x0000000008010610                HAL_SD_IRQHandler
 .text.HAL_SDRAM_Init
                0x0000000008010858       0x54 ../../libDaisy//build/libdaisy.a(stm32h7xx_hal_sdram.o)
                0x0000000008010858                HAL_SDRAM_Init
 .text.HAL_SDRAM_SendCommand
                0x00000000080108ac       0x40 ../../libDaisy//build/libdaisy.a(stm32h7xx_hal_sdram.o)
                0x00000000080108ac                HAL_SDRAM_SendCommand
 .text.HAL_SDRAM_ProgramRefreshRate
                0x00000000080108ec       0x30 ../../libDaisy//build/libdaisy.a(stm32h7xx_hal_sdram.o)
                0x00000000080108ec                HAL_SDRAM_ProgramRefreshRate
 .text.SPI_CloseTransfer
                0x000000000801091c       0xb8 ../../libDaisy//build/libdaisy.a(stm32h7xx_hal_spi.o)
 .text.HAL_SPI_Init
                0x00000000080109d4      0x15c ../../libDaisy//build/libdaisy.a(stm32h7xx_hal_spi.o)
                0x00000000080109d4                HAL_SPI_Init
 .text.HAL_SPI_Transmit
                0x0000000008010b30      0x314 ../../libDaisy//build/libdaisy.a(stm32h7xx_hal_spi.o)
                0x0000000008010b30                HAL_SPI_Transmit
 .text.HAL_SPI_TransmitReceive
                0x0000000008010e44      0x3cc ../../libDaisy//build/libdaisy.a(stm32h7xx_hal_spi.o)
                0x0000000008010e44                HAL_SPI_TransmitReceive
 .text.HAL_SPI_Receive
                0x0000000008011210      0x2f0 ../../libDaisy//build/libdaisy.a(stm32h7xx_hal_spi.o)
                0x0000000008011210                HAL_SPI_Receive
 .text.HAL_SPI_Transmit_DMA
                0x0000000008011500      0x170 ../../libDaisy//build/libdaisy.a(stm32h7xx_hal_spi.o)
                0x0000000008011500                HAL_SPI_Transmit_DMA
 .text.HAL_SPI_TransmitReceive_DMA
                0x0000000008011670      0x218 ../../libDaisy//build/libdaisy.a(stm32h7xx_hal_spi.o)
                0x0000000008011670                HAL_SPI_TransmitReceive_DMA
 .text.HAL_SPI_Receive_DMA
                0x0000000008011888      0x1b4 ../../libDaisy//build/libdaisy.a(stm32h7xx_hal_spi.o)
                0x0000000008011888                HAL_SPI_Receive_DMA
 .text.SPI_DMATransmitCplt
                0x0000000008011a3c       0x28 ../../libDaisy//build/libdaisy.a(stm32h7xx_hal_spi.o)
 .text.SPI_DMAReceiveCplt
                0x0000000008011a64       0x28 ../../libDaisy//build/libdaisy.a(stm32h7xx_hal_spi.o)
 .text.SPI_DMATransmitReceiveCplt
                0x0000000008011a8c       0x28 ../../libDaisy//build/libdaisy.a(stm32h7xx_hal_spi.o)
 .text.HAL_SPI_TxHalfCpltCallback
                0x0000000008011ab4        0x4 ../../libDaisy//build/libdaisy.a(stm32h7xx_hal_spi.o)
                0x0000000008011ab4                HAL_SPI_TxHalfCpltCallback
 .text.SPI_DMAHalfTransmitCplt
                0x0000000008011ab8        0xc ../../libDaisy//build/libdaisy.a(stm32h7xx_hal_spi.o)
 .text.HAL_SPI_RxHalfCpltCallback
                0x0000000008011ac4        0x4 ../../libDaisy//build/libdaisy.a(stm32h7xx_hal_spi.o)
                0x0000000008011ac4                HAL_SPI_RxHalfCpltCallback
 .text.SPI_DMAHalfReceiveCplt
                0x0000000008011ac8        0xc ../../libDaisy//build/libdaisy.a(stm32h7xx_hal_spi.o)
 .text.HAL_SPI_TxRxHalfCpltCallback
                0x0000000008011ad4        0x4 ../../libDaisy//build/libdaisy.a(stm32h7xx_hal_spi.o)
                0x0000000008011ad4                HAL_SPI_TxRxHalfCpltCallback
 .text.SPI_DMAHalfTransmitReceiveCplt
                0x0000000008011ad8        0xc ../../libDaisy//build/libdaisy.a(stm32h7xx_hal_spi.o)
 .text.SPI_DMAError
                0x0000000008011ae4       0xd8 ../../libDaisy//build/libdaisy.a(stm32h7xx_hal_spi.o)
 .text.HAL_SPI_IRQHandler
                0x0000000008011bbc      0x23c ../../libDaisy//build/libdaisy.a(stm32h7xx_hal_spi.o)
                0x0000000008011bbc                HAL_SPI_IRQHandler
 .text.SPI_DMAAbortOnError
                0x0000000008011df8       0x1c ../../libDaisy//build/libdaisy.a(stm32h7xx_hal_spi.o)
 .text.HAL_SPI_GetState
                0x0000000008011e14        0x8 ../../libDaisy//build/libdaisy.a(stm32h7xx_hal_spi.o)